{"command":"create","version":"3.1.1","accession_id":"test_accession_id","reference_bases":4738834,"imported_reads":10000,"coverage":0.06087235733866692,"corrected_reads":8444,"corrected_bases":288464,"avg_bases_per_read":34.16200852676457,"corrected_pct":0.8443999886512756,"uuid":"133cb8e6-f355-9440-38d0-8f9aed4a9ca7","timings":[{"import":0},{"kmerization":16},{"read_correction":1},{"make_seqset":0},{"make_readmap":0},{"total":17}]}