{"accession_id":"test_accession_id","biograph_id":"133cb8e6-f355-9440-38d0-8f9aed4a9ca7","command_history":[],"samples":{"test_accession_id":"87f0fd61143e2441d95c8b8b3ad279473f84be4b"},"version":"3.1.1"}