{"accession_id":"merged_id","biograph_id":"cd14050f-fcd7-5538-5ab7-f1b8b4051c1c","command_history":["biograph create --in golden/e_coli_10000snp.fq --out golden/e_coli_10000snp.bg --ref /reference/e_coli_k12_ASM584v1 --id test_accession_id ","/home/nils/spiral3/bazel-bin/modules/biograph/biograph create --in e_coli_test.bam --out e_coli_test.bg --ref /reference/e_coli_test "],"samples":{"e_coli_test":"f21180d242113e56c5bfd645d2614cf16fdde4ed","test_accession_id":"807ee81ae2650609949f68f4786c9a7dc480f406"},"version":"3.1.1"}