{
  "overall_quality" : { "cnt": 6060000, "avg":35.054307, "std":6.820601, "p05": 25.000000, "p25": 35.000000, "p50": 38.000000, "p75": 38.000000, "p95": 38.000000 },
  "by_base" : {
    "A" : { "cnt": 1787314, "avg":35.637639, "std":5.103431, "p05": 28.000000, "p25": 36.000000, "p50": 37.000000, "p75": 38.000000, "p95": 38.000000 },
    "C" : { "cnt": 1198212, "avg":35.765676, "std":5.433288, "p05": 28.000000, "p25": 36.000000, "p50": 38.000000, "p75": 38.000000, "p95": 38.000000 },
    "G" : { "cnt": 1208018, "avg":35.321793, "std":5.644417, "p05": 26.000000, "p25": 35.000000, "p50": 37.000000, "p75": 38.000000, "p95": 38.000000 },
    "T" : { "cnt": 1773533, "avg":35.640286, "std":5.060141, "p05": 28.000000, "p25": 36.000000, "p50": 38.000000, "p75": 38.000000, "p95": 38.000000 },
    "N" : { "cnt": 92923, "avg":0.000000, "std":0.000000, "p05": 0.000000, "p25": 0.000000, "p50": 0.000000, "p75": 0.000000, "p95": 0.000000 },
    "other" : { "cnt": 0, "avg":0.000000, "std":0.000000, "p05": -1.000000, "p25": -1.000000, "p50": -1.000000, "p75": -1.000000, "p95": -1.000000 }
  },
  "by_position" : {
    1 : { "cnt": 60000, "avg":18.414933, "std":18.627291, "p05": 0.000000, "p25": 0.000000, "p50": 0.000000, "p75": 38.000000, "p95": 38.000000 },
    2 : { "cnt": 60000, "avg":36.749917, "std":3.158630, "p05": 32.000000, "p25": 37.000000, "p50": 38.000000, "p75": 38.000000, "p95": 38.000000 },
    3 : { "cnt": 60000, "avg":36.602450, "std":3.704205, "p05": 30.000000, "p25": 37.000000, "p50": 38.000000, "p75": 38.000000, "p95": 38.000000 },
    4 : { "cnt": 60000, "avg":36.531917, "std":3.887949, "p05": 30.000000, "p25": 37.000000, "p50": 38.000000, "p75": 38.000000, "p95": 38.000000 },
    5 : { "cnt": 60000, "avg":36.560550, "std":3.867075, "p05": 30.000000, "p25": 37.000000, "p50": 38.000000, "p75": 38.000000, "p95": 38.000000 },
    6 : { "cnt": 60000, "avg":36.611600, "std":3.755278, "p05": 30.000000, "p25": 37.000000, "p50": 38.000000, "p75": 38.000000, "p95": 38.000000 },
    7 : { "cnt": 60000, "avg":36.666483, "std":3.670697, "p05": 32.000000, "p25": 37.000000, "p50": 38.000000, "p75": 38.000000, "p95": 38.000000 },
    8 : { "cnt": 60000, "avg":36.496417, "std":3.996088, "p05": 30.000000, "p25": 37.000000, "p50": 38.000000, "p75": 38.000000, "p95": 38.000000 },
    9 : { "cnt": 60000, "avg":36.546067, "std":3.887803, "p05": 30.000000, "p25": 37.000000, "p50": 38.000000, "p75": 38.000000, "p95": 38.000000 },
    10 : { "cnt": 60000, "avg":36.517250, "std":3.920634, "p05": 30.000000, "p25": 37.000000, "p50": 38.000000, "p75": 38.000000, "p95": 38.000000 },
    11 : { "cnt": 60000, "avg":36.592200, "std":3.756288, "p05": 30.000000, "p25": 37.000000, "p50": 38.000000, "p75": 38.000000, "p95": 38.000000 },
    12 : { "cnt": 60000, "avg":36.620017, "std":3.684783, "p05": 31.000000, "p25": 37.000000, "p50": 38.000000, "p75": 38.000000, "p95": 38.000000 },
    13 : { "cnt": 60000, "avg":36.576817, "std":3.769965, "p05": 31.000000, "p25": 37.000000, "p50": 38.000000, "p75": 38.000000, "p95": 38.000000 },
    14 : { "cnt": 60000, "avg":36.558333, "std":3.788685, "p05": 30.000000, "p25": 37.000000, "p50": 38.000000, "p75": 38.000000, "p95": 38.000000 },
    15 : { "cnt": 60000, "avg":36.485000, "std":3.887009, "p05": 30.000000, "p25": 37.000000, "p50": 38.000000, "p75": 38.000000, "p95": 38.000000 },
    16 : { "cnt": 60000, "avg":36.476833, "std":3.968396, "p05": 30.000000, "p25": 37.000000, "p50": 38.000000, "p75": 38.000000, "p95": 38.000000 },
    17 : { "cnt": 60000, "avg":36.479400, "std":4.023043, "p05": 30.000000, "p25": 37.000000, "p50": 38.000000, "p75": 38.000000, "p95": 38.000000 },
    18 : { "cnt": 60000, "avg":36.455150, "std":3.989961, "p05": 30.000000, "p25": 37.000000, "p50": 38.000000, "p75": 38.000000, "p95": 38.000000 },
    19 : { "cnt": 60000, "avg":36.409017, "std":4.074959, "p05": 30.000000, "p25": 36.000000, "p50": 38.000000, "p75": 38.000000, "p95": 38.000000 },
    20 : { "cnt": 60000, "avg":36.451750, "std":4.015828, "p05": 30.000000, "p25": 37.000000, "p50": 38.000000, "p75": 38.000000, "p95": 38.000000 },
    21 : { "cnt": 60000, "avg":36.426917, "std":4.013294, "p05": 30.000000, "p25": 36.000000, "p50": 38.000000, "p75": 38.000000, "p95": 38.000000 },
    22 : { "cnt": 60000, "avg":36.422667, "std":4.116732, "p05": 30.000000, "p25": 36.000000, "p50": 38.000000, "p75": 38.000000, "p95": 38.000000 },
    23 : { "cnt": 60000, "avg":36.334600, "std":4.189949, "p05": 30.000000, "p25": 36.000000, "p50": 38.000000, "p75": 38.000000, "p95": 38.000000 },
    24 : { "cnt": 60000, "avg":36.360383, "std":4.165854, "p05": 30.000000, "p25": 36.000000, "p50": 38.000000, "p75": 38.000000, "p95": 38.000000 },
    25 : { "cnt": 60000, "avg":36.360000, "std":4.190620, "p05": 30.000000, "p25": 36.000000, "p50": 38.000000, "p75": 38.000000, "p95": 38.000000 },
    26 : { "cnt": 60000, "avg":36.341200, "std":4.287161, "p05": 30.000000, "p25": 36.000000, "p50": 38.000000, "p75": 38.000000, "p95": 38.000000 },
    27 : { "cnt": 60000, "avg":36.346467, "std":4.314189, "p05": 30.000000, "p25": 36.000000, "p50": 38.000000, "p75": 38.000000, "p95": 38.000000 },
    28 : { "cnt": 60000, "avg":36.295200, "std":4.411858, "p05": 30.000000, "p25": 36.000000, "p50": 38.000000, "p75": 38.000000, "p95": 38.000000 },
    29 : { "cnt": 60000, "avg":36.203383, "std":4.558909, "p05": 30.000000, "p25": 36.000000, "p50": 38.000000, "p75": 38.000000, "p95": 38.000000 },
    30 : { "cnt": 60000, "avg":36.244283, "std":4.570395, "p05": 30.000000, "p25": 36.000000, "p50": 38.000000, "p75": 38.000000, "p95": 38.000000 },
    31 : { "cnt": 60000, "avg":36.229800, "std":4.633270, "p05": 30.000000, "p25": 36.000000, "p50": 38.000000, "p75": 38.000000, "p95": 38.000000 },
    32 : { "cnt": 60000, "avg":36.132550, "std":4.710437, "p05": 29.000000, "p25": 36.000000, "p50": 38.000000, "p75": 38.000000, "p95": 38.000000 },
    33 : { "cnt": 60000, "avg":36.088217, "std":4.750670, "p05": 28.000000, "p25": 36.000000, "p50": 38.000000, "p75": 38.000000, "p95": 38.000000 },
    34 : { "cnt": 60000, "avg":36.152517, "std":4.631805, "p05": 29.000000, "p25": 36.000000, "p50": 38.000000, "p75": 38.000000, "p95": 38.000000 },
    35 : { "cnt": 60000, "avg":36.125883, "std":4.662428, "p05": 29.000000, "p25": 36.000000, "p50": 38.000000, "p75": 38.000000, "p95": 38.000000 },
    36 : { "cnt": 60000, "avg":36.114417, "std":4.712026, "p05": 29.000000, "p25": 36.000000, "p50": 38.000000, "p75": 38.000000, "p95": 38.000000 },
    37 : { "cnt": 60000, "avg":36.080633, "std":4.778431, "p05": 29.000000, "p25": 36.000000, "p50": 38.000000, "p75": 38.000000, "p95": 38.000000 },
    38 : { "cnt": 60000, "avg":36.053000, "std":4.829585, "p05": 29.000000, "p25": 36.000000, "p50": 38.000000, "p75": 38.000000, "p95": 38.000000 },
    39 : { "cnt": 60000, "avg":36.031050, "std":4.828590, "p05": 29.000000, "p25": 36.000000, "p50": 38.000000, "p75": 38.000000, "p95": 38.000000 },
    40 : { "cnt": 60000, "avg":35.924000, "std":5.015176, "p05": 28.000000, "p25": 36.000000, "p50": 38.000000, "p75": 38.000000, "p95": 38.000000 },
    41 : { "cnt": 60000, "avg":35.928633, "std":5.059787, "p05": 28.000000, "p25": 36.000000, "p50": 38.000000, "p75": 38.000000, "p95": 38.000000 },
    42 : { "cnt": 60000, "avg":35.932017, "std":5.076727, "p05": 28.000000, "p25": 36.000000, "p50": 38.000000, "p75": 38.000000, "p95": 38.000000 },
    43 : { "cnt": 60000, "avg":35.886500, "std":5.135892, "p05": 28.000000, "p25": 36.000000, "p50": 38.000000, "p75": 38.000000, "p95": 38.000000 },
    44 : { "cnt": 60000, "avg":35.760183, "std":5.240872, "p05": 28.000000, "p25": 36.000000, "p50": 38.000000, "p75": 38.000000, "p95": 38.000000 },
    45 : { "cnt": 60000, "avg":35.833783, "std":5.181186, "p05": 28.000000, "p25": 36.000000, "p50": 38.000000, "p75": 38.000000, "p95": 38.000000 },
    46 : { "cnt": 60000, "avg":35.803217, "std":5.269781, "p05": 28.000000, "p25": 36.000000, "p50": 38.000000, "p75": 38.000000, "p95": 38.000000 },
    47 : { "cnt": 60000, "avg":35.786167, "std":5.298460, "p05": 28.000000, "p25": 36.000000, "p50": 38.000000, "p75": 38.000000, "p95": 38.000000 },
    48 : { "cnt": 60000, "avg":35.672750, "std":5.385161, "p05": 28.000000, "p25": 36.000000, "p50": 38.000000, "p75": 38.000000, "p95": 38.000000 },
    49 : { "cnt": 60000, "avg":35.690650, "std":5.352434, "p05": 28.000000, "p25": 36.000000, "p50": 38.000000, "p75": 38.000000, "p95": 38.000000 },
    50 : { "cnt": 60000, "avg":35.684083, "std":5.328050, "p05": 28.000000, "p25": 36.000000, "p50": 38.000000, "p75": 38.000000, "p95": 38.000000 },
    51 : { "cnt": 60000, "avg":35.650250, "std":5.413319, "p05": 28.000000, "p25": 36.000000, "p50": 38.000000, "p75": 38.000000, "p95": 38.000000 },
    52 : { "cnt": 60000, "avg":35.700483, "std":5.405843, "p05": 28.000000, "p25": 36.000000, "p50": 38.000000, "p75": 38.000000, "p95": 38.000000 },
    53 : { "cnt": 60000, "avg":35.682633, "std":5.407678, "p05": 28.000000, "p25": 36.000000, "p50": 38.000000, "p75": 38.000000, "p95": 38.000000 },
    54 : { "cnt": 60000, "avg":35.599333, "std":5.506569, "p05": 28.000000, "p25": 36.000000, "p50": 38.000000, "p75": 38.000000, "p95": 38.000000 },
    55 : { "cnt": 60000, "avg":35.575933, "std":5.574283, "p05": 28.000000, "p25": 36.000000, "p50": 38.000000, "p75": 38.000000, "p95": 38.000000 },
    56 : { "cnt": 60000, "avg":35.621050, "std":5.572601, "p05": 28.000000, "p25": 36.000000, "p50": 38.000000, "p75": 38.000000, "p95": 38.000000 },
    57 : { "cnt": 60000, "avg":35.593600, "std":5.632587, "p05": 28.000000, "p25": 36.000000, "p50": 38.000000, "p75": 38.000000, "p95": 38.000000 },
    58 : { "cnt": 60000, "avg":35.556283, "std":5.719201, "p05": 28.000000, "p25": 36.000000, "p50": 38.000000, "p75": 38.000000, "p95": 38.000000 },
    59 : { "cnt": 60000, "avg":35.450283, "std":5.941299, "p05": 28.000000, "p25": 36.000000, "p50": 38.000000, "p75": 38.000000, "p95": 38.000000 },
    60 : { "cnt": 60000, "avg":35.458017, "std":5.855192, "p05": 28.000000, "p25": 36.000000, "p50": 37.000000, "p75": 38.000000, "p95": 38.000000 },
    61 : { "cnt": 60000, "avg":35.364517, "std":6.099280, "p05": 26.000000, "p25": 36.000000, "p50": 37.000000, "p75": 38.000000, "p95": 38.000000 },
    62 : { "cnt": 60000, "avg":35.315517, "std":6.213888, "p05": 26.000000, "p25": 36.000000, "p50": 37.000000, "p75": 38.000000, "p95": 38.000000 },
    63 : { "cnt": 60000, "avg":35.267917, "std":6.197599, "p05": 25.000000, "p25": 35.000000, "p50": 37.000000, "p75": 38.000000, "p95": 38.000000 },
    64 : { "cnt": 60000, "avg":35.231033, "std":6.246612, "p05": 25.000000, "p25": 35.000000, "p50": 37.000000, "p75": 38.000000, "p95": 38.000000 },
    65 : { "cnt": 60000, "avg":35.156183, "std":6.297176, "p05": 25.000000, "p25": 35.000000, "p50": 37.000000, "p75": 38.000000, "p95": 38.000000 },
    66 : { "cnt": 60000, "avg":35.134150, "std":6.399960, "p05": 25.000000, "p25": 35.000000, "p50": 37.000000, "p75": 38.000000, "p95": 38.000000 },
    67 : { "cnt": 60000, "avg":35.025600, "std":6.393915, "p05": 25.000000, "p25": 35.000000, "p50": 37.000000, "p75": 38.000000, "p95": 38.000000 },
    68 : { "cnt": 60000, "avg":35.063533, "std":6.303433, "p05": 25.000000, "p25": 35.000000, "p50": 37.000000, "p75": 38.000000, "p95": 38.000000 },
    69 : { "cnt": 60000, "avg":34.943367, "std":6.378374, "p05": 25.000000, "p25": 35.000000, "p50": 37.000000, "p75": 38.000000, "p95": 38.000000 },
    70 : { "cnt": 60000, "avg":34.909083, "std":6.360740, "p05": 25.000000, "p25": 35.000000, "p50": 37.000000, "p75": 38.000000, "p95": 38.000000 },
    71 : { "cnt": 60000, "avg":34.941833, "std":6.378084, "p05": 25.000000, "p25": 35.000000, "p50": 37.000000, "p75": 38.000000, "p95": 38.000000 },
    72 : { "cnt": 60000, "avg":34.936783, "std":6.407929, "p05": 25.000000, "p25": 35.000000, "p50": 37.000000, "p75": 38.000000, "p95": 38.000000 },
    73 : { "cnt": 60000, "avg":34.872017, "std":6.393750, "p05": 25.000000, "p25": 35.000000, "p50": 37.000000, "p75": 38.000000, "p95": 38.000000 },
    74 : { "cnt": 60000, "avg":34.808667, "std":6.448963, "p05": 25.000000, "p25": 35.000000, "p50": 37.000000, "p75": 38.000000, "p95": 38.000000 },
    75 : { "cnt": 60000, "avg":34.644083, "std":6.584816, "p05": 24.000000, "p25": 35.000000, "p50": 37.000000, "p75": 38.000000, "p95": 38.000000 },
    76 : { "cnt": 60000, "avg":34.544500, "std":6.714794, "p05": 22.000000, "p25": 35.000000, "p50": 37.000000, "p75": 38.000000, "p95": 38.000000 },
    77 : { "cnt": 60000, "avg":34.557717, "std":6.763880, "p05": 21.000000, "p25": 35.000000, "p50": 37.000000, "p75": 38.000000, "p95": 38.000000 },
    78 : { "cnt": 60000, "avg":34.457933, "std":6.824395, "p05": 20.000000, "p25": 35.000000, "p50": 37.000000, "p75": 38.000000, "p95": 38.000000 },
    79 : { "cnt": 60000, "avg":34.516267, "std":6.790368, "p05": 22.000000, "p25": 35.000000, "p50": 37.000000, "p75": 38.000000, "p95": 38.000000 },
    80 : { "cnt": 60000, "avg":34.539117, "std":6.783033, "p05": 23.000000, "p25": 35.000000, "p50": 37.000000, "p75": 38.000000, "p95": 38.000000 },
    81 : { "cnt": 60000, "avg":34.503867, "std":6.875753, "p05": 21.000000, "p25": 35.000000, "p50": 37.000000, "p75": 38.000000, "p95": 38.000000 },
    82 : { "cnt": 60000, "avg":34.490583, "std":6.935900, "p05": 21.000000, "p25": 35.000000, "p50": 37.000000, "p75": 38.000000, "p95": 38.000000 },
    83 : { "cnt": 60000, "avg":34.383033, "std":7.005030, "p05": 20.000000, "p25": 34.000000, "p50": 37.000000, "p75": 38.000000, "p95": 38.000000 },
    84 : { "cnt": 60000, "avg":34.249600, "std":7.140233, "p05": 20.000000, "p25": 34.000000, "p50": 37.000000, "p75": 38.000000, "p95": 38.000000 },
    85 : { "cnt": 60000, "avg":34.152183, "std":7.240492, "p05": 20.000000, "p25": 34.000000, "p50": 36.000000, "p75": 38.000000, "p95": 38.000000 },
    86 : { "cnt": 60000, "avg":34.218617, "std":7.204010, "p05": 20.000000, "p25": 34.000000, "p50": 37.000000, "p75": 38.000000, "p95": 38.000000 },
    87 : { "cnt": 60000, "avg":34.215333, "std":7.271673, "p05": 20.000000, "p25": 34.000000, "p50": 37.000000, "p75": 38.000000, "p95": 38.000000 },
    88 : { "cnt": 60000, "avg":34.128050, "std":7.311378, "p05": 20.000000, "p25": 34.000000, "p50": 36.000000, "p75": 38.000000, "p95": 38.000000 },
    89 : { "cnt": 60000, "avg":34.016067, "std":7.428089, "p05": 20.000000, "p25": 34.000000, "p50": 36.000000, "p75": 38.000000, "p95": 38.000000 },
    90 : { "cnt": 60000, "avg":33.890250, "std":7.528358, "p05": 20.000000, "p25": 34.000000, "p50": 36.000000, "p75": 38.000000, "p95": 38.000000 },
    91 : { "cnt": 60000, "avg":33.872933, "std":7.612252, "p05": 20.000000, "p25": 34.000000, "p50": 36.000000, "p75": 38.000000, "p95": 38.000000 },
    92 : { "cnt": 60000, "avg":33.688033, "std":7.748755, "p05": 16.000000, "p25": 33.000000, "p50": 36.000000, "p75": 38.000000, "p95": 38.000000 },
    93 : { "cnt": 60000, "avg":33.509517, "std":7.813990, "p05": 14.000000, "p25": 33.000000, "p50": 36.000000, "p75": 38.000000, "p95": 38.000000 },
    94 : { "cnt": 60000, "avg":33.427967, "std":7.917441, "p05": 12.000000, "p25": 33.000000, "p50": 36.000000, "p75": 38.000000, "p95": 38.000000 },
    95 : { "cnt": 60000, "avg":33.354433, "std":8.034622, "p05": 12.000000, "p25": 33.000000, "p50": 36.000000, "p75": 38.000000, "p95": 38.000000 },
    96 : { "cnt": 60000, "avg":33.238650, "std":8.191121, "p05": 12.000000, "p25": 33.000000, "p50": 36.000000, "p75": 38.000000, "p95": 38.000000 },
    97 : { "cnt": 60000, "avg":33.160917, "std":8.320516, "p05": 9.000000, "p25": 33.000000, "p50": 36.000000, "p75": 38.000000, "p95": 38.000000 },
    98 : { "cnt": 60000, "avg":32.911150, "std":8.482505, "p05": 2.000000, "p25": 33.000000, "p50": 36.000000, "p75": 37.000000, "p95": 38.000000 },
    99 : { "cnt": 60000, "avg":32.853400, "std":8.595982, "p05": 2.000000, "p25": 33.000000, "p50": 36.000000, "p75": 37.000000, "p95": 38.000000 },
    100 : { "cnt": 60000, "avg":32.772817, "std":8.815825, "p05": 2.000000, "p25": 33.000000, "p50": 36.000000, "p75": 37.000000, "p95": 38.000000 },
    101 : { "cnt": 30000, "avg":32.565333, "std":9.209017, "p05": 2.000000, "p25": 33.000000, "p50": 36.000000, "p75": 37.000000, "p95": 38.000000 },
    102 : { "cnt": 30000, "avg":0.000000, "std":0.000000, "p05": 0.000000, "p25": 0.000000, "p50": 0.000000, "p75": 0.000000, "p95": 0.000000 }
  }
}
