EWSR1	FLI1
EWSR1	ERG
EWSR1	FEV
EWSR1	WT1
PAX3	FOXO1
PAX7	FOXO1
ETV6	NTRK3
