1	4617535
2	19417
3	6805
4	4415
5	5829
6	154
7	130
8	840
9	370
10	3
11	12
12	5
13	3
14	5
15	7
16	4
17	13
18	2
19	1
20	2
21	5
22	6
23	12
24	12
25	20
26	4
27	1
28	1
29	1
30	3
32	2
33	1
34	4
35	3
36	3
38	4
39	3
41	1
43	4
