>EWSR1
AGAGCCAGCGGACGGAACCATTCCAAACAGCCTAGTCTCGTGCTGAGAGCCTCTCCGGTTTCACGCTGAG
ACCCGCTCACCCCCGCTCTGGCCCCTTAGATGCTATTTTGGCCCGAGTGTCACGTCGGGCGCTCTTTAGA
GAGGACTGGGACAAGAGTTGCGGACGCGAAGAACGAGTAAGCGGTGGTTCATCCCTCCTGACCCCACCCC
CGTGGCCTGGCCCGATGGTCGCGCCCGGGGTTGCGAGATTTGCGCCTGCGCAGTGCGGCGCCTAGAGGGA
AAGCGAGAGGGAGACGGACGTTGAGAGAACGAGGAGGAAGGAGAGAAAATGGCGTCCACGGATTACAGTA
CCTATAGCCAAGCTGCAGCGCAGCAGGGCTACAGTGCTTACACCGCCCAGCCCACTCAAGGATATGCACA
GACCACCCAGGCATATGGGCAACAAAGCTATGGAACCTATGGACAGCCCACTGATGTCAGCTATACCCAG
GCTCAGACCACTGCAACCTATGGGCAGACCGCCTATGCAACTTCTTATGGACAGCCTCCCACTGGTTATA
CTACTCCAACTGCCCCCCAGGCATACAGCCAGCCTGTCCAGGGGTATGGCACTGGTGCTTATGATACCAC
CACTGCTACAGTCACCACCACCCAGGCCTCCTATGCAGCTCAGTCTGCATATGGCACTCAGCCTGCTTAT
CCAGCCTATGGGCAGCAGCCAGCAGCCACTGCACCTACAAGACCGCAGGATGGAAACAAGCCCACTGAGA
CTAGTCAACCTCAATCTAGCACAGGGGGTTACAACCAGCCCAGCCTAGGATATGGACAGAGTAACTACAG
TTATCCCCAGGTACCTGGGAGCTACCCCATGCAGCCAGTCACTGCACCTCCATCCTACCCTCCTACCAGC
TATTCCTCTACACAGCCGACTAGTTATGATCAGAGCAGTTACTCTCAGCAGAACACCTATGGGCAACCGA
GCAGCTATGGACAGCAGAGTAGCTATGGTCAACAAAGCAGCTATGGGCAGCAGCCTCCCACTAGTTACCC
ACCCCAAACTGGATCCTACAGCCAAGCTCCAAGTCAATATAGCCAACAGAGCAGCAGCTACGGGCAGCAG
AGTTCATTCCGACAGGACCACCCCAGTAGCATGGGTGTTTATGGGCAGGAGTCTGGAGGATTTTCCGGAC
CAGGAGAGAACCGGAGCATGAGTGGCCCTGATAACCGGGGCAGGGGAAGAGGGGGATTTGATCGTGGAGG
CATGAGCAGAGGTGGGCGGGGAGGAGGACGCGGTGGAATGGGCAGCGCTGGAGAGCGAGGTGGCTTCAAT
AAGCCTGGTGGACCCATGGATGAAGGACCAGATCTTGATCTAGGCCCACCTGTAGATCCAGATGAAGACT
CTGACAACAGTGCAATTTATGTACAAGGATTAAATGACAGTGTGACTCTAGATGATCTGGCAGACTTCTT
TAAGCAGTGTGGGGTTGTTAAGATGAACAAGAGAACTGGGCAACCCATGATCCACATCTACCTGGACAAG
GAAACAGGAAAGCCCAAAGGCGATGCCACAGTGTCCTATGAAGACCCACCCACTGCCAAGGCTGCCGTGG
AATGGTTTGATGGGAAAGATTTTCAAGGGAGCAAACTTAAAGTCTCCCTTGCTCGGAAGAAGCCTCCAAT
GAACAGTATGCGGGGTGGTCTGCCACCCCGTGAGGGCAGAGGCATGCCACCACCACTCCGTGGAGGTCCA
GGAGGCCCAGGAGGTCCTGGGGGACCCATGGGTCGCATGGGAGGCCGTGGAGGAGATAGAGGAGGCTTCC
CTCCAAGAGGACCCCGGGGTTCCCGAGGGAACCCCTCTGGAGGAGGAAACGTCCAGCACCGAGCTGGAGA
CTGGCAGTGTCCCAATCCGGGTTGTGGAAACCAGAACTTCGCCTGGAGAACAGAGTGCAACCAGTGTAAG
GCCCCAAAGCCTGAAGGCTTCCTCCCGCCACCCTTTCCGCCCCCGGGTGGTGATCGTGGCAGAGGTGGCC
CTGGTGGCATGCGGGGAGGAAGAGGTGGCCTCATGGATCGTGGTGGTCCCGGTGGAATGTTCAGAGGTGG
CCGTGGTGGAGACAGAGGTGGCTTCCGTGGTGGCCGGGGCATGGACCGAGGTGGCTTTGGTGGAGGAAGA
CGAGGTGGCCCTGGGGGGCCCCCTGGACCTTTGATGGAACAGATGGGAGGAAGAAGAGGAGGACGTGGAG
GACCTGGAAAAATGGATAAAGGCGAGCACCGTCAGGAGCGCAGAGATCGGCCCTACTAGATGCAGAGACC
CCGCAGAGCTGCATTGACTACCAGATTTATTTTTTAAACCAGAAAATGTTTTAAATTTATAATTCCATAT
TTATAATGTTGGCCACAACATTATGATTATTCCTTGTCTGTACTTTAGTATTTTTCACCATTTGTGAAGA
AACATTAAAACAAGTTAAATGGTAGTGTGCGGAGTTTTTTTTTCTTCCTTCTTTTAAAAATGGTTGTTTA
AGACTTTAACAATGGGAACCCCTTGTGAGCATGCTCAGTATCATTGTGGAGAACCAAGAGGGCCTCTTAA
CTGTAACAATGTTCATGGTTGTGATGTTTTTTTTTTTTTTTTAAATAAAATTCCAAATGTTTATAAAGAG
TCAAAAAAAAAAAAAAAAA
>PAX3
ACTCGGTGTCACCACAGGAGGAGACTCAGGCAGGCCGCGCTCCAGCCTCACCAGGCTCCCCGGCTCGCCG
TGGCTCTCTGAGCCCCCTTTTCAGGGACCCCAGTCGCTGGAACATTTGCCCAGACTCGTACCAAACTTTT
CCGCCCTGGGCTCGGGATCCTGGACTCCGGGGCCTCCCCGTCCTCCCCTTTCCCGGGTTCCAGCTCCGGC
CTCTGGACTAGGAACCGACAGCCCCCCTCCCCGCGTCCCTCCCTCTCTCTCCAGCCGTTTTGGGGAGGGG
CTCTCCACGCTCCGGATAGTTCCCGAGGGTCATCCGCGCCGCACTCGCCTTTCCGTTTCGCCTTCACCTG
GATATAATTTCCGAGCGAAGCTGCCCCCAGGATGACCACGCTGGCCGGCGCTGTGCCCAGGATGATGCGG
CCGGGCCCGGGGCAGAACTACCCGCGTAGCGGGTTCCCGCTGGAAGTGTCCACTCCCCTCGGCCAGGGCC
GCGTCAACCAGCTCGGCGGTGTTTTTATCAACGGCAGGCCGCTGCCCAACCACATCCGCCACAAGATCGT
GGAGATGGCCCACCACGGCATCCGGCCCTGCGTCATCTCGCGCCAGCTGCGCGTGTCCCACGGCTGCGTC
TCCAAGATCCTGTGCAGGTACCAGGAGACTGGCTCCATACGTCCTGGTGCCATCGGCGGCAGCAAGCCCA
AGCAGGTGACAACGCCTGACGTGGAGAAGAAAATTGAGGAATACAAAAGAGAGAACCCGGGCATGTTCAG
CTGGGAAATCCGAGACAAATTACTCAAGGACGCGGTCTGTGATCGAAACACCGTGCCGTCAGTGAGTTCC
ATCAGCCGCATCCTGAGAAGTAAATTCGGGAAAGGTGAAGAGGAGGAGGCCGACTTGGAGAGGAAGGAGG
CAGAGGAAAGCGAGAAGAAGGCCAAACACAGCATCGACGGCATCCTGAGCGAGCGAGCCTCAGCACCCCA
ATCAGATGAAGGCTCTGATATTGACTCTGAACCAGATTTACCACTAAAGAGGAAACAGCGCAGAAGCCGA
ACCACCTTCACAGCAGAACAGCTGGAGGAACTGGAGCGTGCTTTTGAGAGAACTCATTACCCTGACATTT
ATACTAGGGAGGAACTGGCCCAGAGGGCGAAGCTCACCGAGGCCCGAGTACAGGTCTGGTTTAGCAACCG
CCGTGCAAGATGGAGGAAGCAAGCTGGGGCCAATCAACTGATGGCTTTCAACCATCTCATTCCCGGGGGG
TTCCCTCCCACTGCCATGCCGACCTTGCCAACGTACCAGCTGTCGGAGACCTCTTACCAGCCCACATCTA
TTCCACAAGCTGTGTCAGATCCCAGCAGCACCGTTCACAGACCTCAACCGCTTCCTCCAAGCACTGTACA
CCAAAGCACGATTCCTTCCAACCCAGACAGCAGCTCTGCCTACTGCCTCCCCAGCACCAGGCATGGATTT
TCCAGCTATACAGACAGCTTTGTGCCTCCGTCGGGGCCCTCCAACCCCATGAACCCCACCATTGGCAATG
GCCTCTCACCTCAGGTAATGGGACTCCTGACCAACCACGGTGGGGTACCTCATCAGCCCCAGACTGATTA
CGCGCTCTCCCCTCTCACCGGGGGTCTGGAACCTACCACCACGGTGTCGGCCAGCTGCAGTCAGAGACTA
GACCATATGAAGAGCTTGGACAGTCTGCCAACATCTCAGTCCTACTGTCCACCCACCTATAGCACCACAG
GCTACAGTATGGACCCTGTCACAGGCTACCAATATGGGCAGTATGGACAAAGTGCCTTTCATTATCTCAA
GCCAGATATCGCTTGGTTTCAAATCCTTTTGAACACGTTCGACAAAAGCAGTGGAGAAGAGGAAGACCTG
GAGCAATAAAAGACAAATGCAACATTTTAAGGCAATGGTTTCACATGGTTACATATCAAAACATCCCAAT
TCTTTAGTGCTGATCATCGAGGAGCTAGAACATTCCATTTGCTTGTGTGCGTGCGTGCGTGTGTGTGTGT
GTGTGTGTATTGAGATTTACCCAGACTGGTTTGGGCAAGCAGACTGTTCTAAAATATAATAGAATACCCT
AAAGTATAACATGTCGATGTTCGATGCTGATACTTCTACAACTTTAAAACTGCTCATTTCATGAAGCAAG
AATGGAGGAATCCTTGACTCTTACACACTGGAAATTGAAATAAAGATAAATGCAACCATTTTTAGGAAGC
TAGACTAGCTGTAAAGGACCTCCTAAATAAATTATTTGTTACTGTATCCTCATTTGTAATCTAGTTGTCA
ATAAATGGCCCGGACATGTCTTGCTAACAGGATATGGGCTACCAGGAAGAAGGACTTGTTTCCCTTTCCT
GTGTGGGGAGAGGTGTGTGACGTTTTTCCAGTTCACATTTATTTGGTAGCCCACCTGGGTTGGAGGAAGG
GCACGGTGGAGAGAAAGTGACATGCATTCACATATCTGCTTATCAGTGTGCAATACTGTGTACCTCATGG
ATGCTTTGGCAATGCCCAAGGCGATATAAGCAAAATCAGAAGTATATTTTTGCAGGTGCTTTTATTTTCA
CAGCCCATAATTCATAGTGATAGAGTGCAGTGATGTTTGCCATTTGCTGGACAACCAACACCCGGGTTGC
TCCTTTGATTAGAGACCAGATCAGATAATTATGCTTTTAAACTGATTACGTTTACATTCTTCTCTTTTCT
ATGAAAGGCAGGGCAAGAACAGAAGTGTTCACATGGCTCTCATGTACTTTTAAATTATACAATGATATCC
AATATTAAAAGATTATAGGAACTGAGGTTTACATACGTTTGTGTGGTGACATTTTAGAATGTCAATAAAT
TTGCTTTTTGAGATGTTGAGAGGAACAAGAAGGTGGAAGGCAGTGTTATTTATTTCTTTCTATTCTTGGA
ACCACGAATGAGGTAGGCACAAATACATTCCTTTTAGAGTTAAGAACTATGACGTAGCGAGTTAGTGAGA
CTAGACATAGTACCGAATTTAGTTCATGCATTGGTCTTAGAGGGTGATGGAACAAGAGAAGTACTATCTT
TGTGTTGCAGCCTCAACCAACAACAATGTGTTGTAAAAATGTCTTTCATGTAAAAAGTGCAGTAAATATT
TACTATTTATAATGAATAAACAGTTATGAAAACTTGAA
>PAX7
GAAAGCTGGTGTGGAGGGAGAAGCGAGTGTGGTCCGGAGAAAGAAGGCGTGGAGAAGAGGGAGGGAGCGA
GAGCGAGAGAATAAATATATAAATAAATACGAGAACGAAATCCACTCCGCAGTCTCCGGGCTCGGAAACT
TTGGCCCCGAGCGCCAGAGCGCCAGAGCGCGAGAGCGCGGCGCTCGCCACTCTGAGGCTGGCGGCCTCGA
TTCCGGCCGCGTTCCCCCGGCCCCCCTCCGCCGCGGGGCCTGGTCTCCGGGTTCTGCCAGGCGCATCAGC
CCGCACAACTTCTGGCCGAGGCCAGCCGGCAGAGGCGGACTTGGGGTTGGAGTGTTTGTTTGTTTGAACT
TCCTCGTCGTCGCCACCTTCCCTCCCCCCAACCTCCACCCCACCTCACCCCCCTCCCCAGCTTCTGGACG
CGTTTGACTGCAGCCAGGGGTGGGGGGTGGGGGTAGGGAGTGTGTGTGGAGGGGAGGGAGAAGAGGTTAA
AAAAAAGAAGACGAAGAAGACGGAAAGAAAGAGATCGCAGCAGGGGTGAAGGGAGCGGACGGGAAGCGAT
TTTTGCCGACTTTGGATTCGTCCCCGGCGTGCGCAAGAATGGCGGCCCTTCCCGGCACGGTACCGAGAAT
GATGCGGCCGGCTCCGGGGCAGAACTACCCCCGCACGGGATTCCCTTTGGAAGTGTCCACCCCGCTTGGC
CAAGGCCGGGTCAATCAGCTGGGAGGGGTCTTCATCAATGGGCGACCCCTGCCTAACCACATCCGCCACA
AGATAGTGGAGATGGCCCACCATGGCATCCGGCCCTGTGTCATCTCCCGACAGCTGCGTGTCTCCCACGG
CTGCGTCTCCAAGATTCTTTGCCGCTACCAGGAGACCGGGTCCATCCGGCCTGGGGCCATCGGCGGCAGC
AAGCCCAGACAGGTGGCGACTCCGGATGTAGAGAAAAAGATTGAGGAGTACAAGAGGGAAAACCCAGGCA
TGTTCAGCTGGGAGATCCGGGACAGGCTGCTGAAGGATGGGCACTGTGACCGAAGCACTGTGCCCTCAGG
TTTAGTGAGTTCGATTAGCCGCGTGCTCAGAATCAAGTTCGGGAAGAAAGAGGAGGAGGATGAAGCGGAC
AAGAAGGAGGACGACGGCGAAAAGAAGGCCAAACACAGCATCGACGGCATCCTGGGCGACAAAGGGAACC
GGCTGGACGAGGGCTCGGATGTGGAGTCGGAACCTGACCTCCCACTGAAGCGCAAGCAGCGACGCAGTCG
GACCACATTCACGGCCGAGCAGCTGGAGGAGCTGGAGAAGGCCTTTGAGAGGACCCACTACCCAGACATA
TACACCCGCGAGGAGCTGGCGCAGAGGACCAAGCTGACAGAGGCGCGTGTGCAGGTCTGGTTCAGTAACC
GCCGCGCCCGTTGGCGTAAGCAGGCAGGAGCCAACCAGCTGGCGGCGTTCAACCACCTTCTGCCAGGAGG
CTTCCCACCCACCGGCATGCCCACGCTGCCCCCCTACCAGCTGCCGGACTCCACCTACCCCACCACCACC
ATCTCCCAAGATGGGGGCAGCACTGTGCACCGGCCTCAGCCCCTGCCACCGTCCACCATGCACCAGGGCG
GGCTGGCTGCAGCGGCTGCAGCCGCCGACACCAGCTCTGCCTACGGAGCCCGCCACAGCTTCTCCAGCTA
CTCTGACAGCTTCATGAATCCGGCGGCGCCCTCCAACCACATGAACCCGGTCAGCAACGGCCTGTCTCCT
CAGGTGATGAGCATCTTGGGCAACCCCAGTGCGGTGCCCCCGCAGCCACAGGCTGACTTCTCCATCTCCC
CGCTGCATGGCGGCCTGGACTCGGCCACCTCCATCTCAGCCAGCTGCAGCCAGCGGGCCGACTCCATCAA
GCCAGGAGACAGCCTGCCCACCTCCCAGGCCTACTGCCCACCCACCTACAGCACCACCGGCTACAGCGTG
GACCCCGTGGCCGGCTATCAGTACGGCCAGTACGGCCAGAGTGAGTGCCTGGTGCCCTGGGCGTCCCCCG
TCCCCATTCCTTCTCCCACCCCCAGGGCCTCCTGCTTGTTTATGGAGAGCTACAAGGTGGTGTCAGGGTG
GGGAATGTCCATTTCACAGATGGAAAAATTGAAGTCCAGCCAGATGGAACAGTTCACCTAAAATGACACT
GAGTTGGGCAAAACCCAGGACATCTCCTGGCTAAGCCTCTGCTTCCGTACTATGGCTCCAACAGAAATAA
AATACACAACACAAATATCAAAAAAAAAAAA
>ETV6
GCGTCCCGGGTCCCCGCGCCGCGCCGCGACCTGCAGACCCCGCCGCCGCGCTCGGGCCCGTCTCCCACGC
CCCCGCCGCCCCGCGCGCCCAACTCCGCCGGCCGCCCCGCCCCGCCCCGCGCGCTCCAGACCCCCGGGGC
GGCTGCCGGGAGAGATGCTGGAAGAAACTTCTTAAATGACCGCGTCTGGCTGGCCGTGGAGCCTTTCTGG
GTTGGGGAGAGGAAAGGAAAGTGGAAAAAACCTGAGAACTTCCTGATCTCTCTCGCTGTGAGACATGTCT
GAGACTCCTGCTCAGTGTAGCATTAAGCAGGAACGAATTTCATATACACCTCCAGAGAGCCCAGTGCCGA
GTTACGCTTCCTCGACGCCACTTCATGTTCCAGTGCCTCGAGCGCTCAGGATGGAGGAAGACTCGATCCG
CCTGCCTGCGCACCTGCGCTTGCAGCCAATTTACTGGAGCAGGGATGACGTAGCCCAGTGGCTCAAGTGG
GCTGAAAATGAGTTTTCTTTAAGGCCAATTGACAGCAACACGTTTGAAATGAATGGCAAAGCTCTCCTGC
TGCTGACCAAAGAGGACTTTCGCTATCGATCTCCTCATTCAGGTGATGTGCTCTATGAACTCCTTCAGCA
TATTCTGAAGCAGAGGAAACCTCGGATTCTTTTTTCACCATTCTTCCACCCTGGAAACTCTATACACACA
CAGCCGGAGGTCATACTGCATCAGAACCATGAAGAAGATAACTGTGTCCAGAGGACCCCCAGGCCATCCG
TGGATAATGTGCACCATAACCCTCCCACCATTGAACTGTTGCACCGCTCCAGGTCACCTATCACGACAAA
TCACCGGCCTTCTCCTGACCCCGAGCAGCGGCCCCTCCGGTCCCCCCTGGACAACATGATCCGCCGCCTC
TCCCCGGCTGAGAGAGCTCAGGGACCCAGGCCGCACCAGGAGAACAACCACCAGGAGTCCTACCCTCTGT
CAGTGTCTCCCATGGAGAATAATCACTGCCCAGCGTCCTCCGAGTCCCACCCGAAGCCATCCAGCCCCCG
GCAGGAGAGCACACGCGTGATCCAGCTGATGCCCAGCCCCATCATGCACCCTCTGATCCTGAACCCCCGG
CACTCCGTGGATTTCAAACAGTCCAGGCTCTCCGAGGACGGGCTGCATAGGGAAGGGAAGCCCATCAACC
TCTCTCATCGGGAAGACCTGGCTTACATGAACCACATCATGGTCTCTGTCTCCCCGCCTGAAGAGCACGC
CATGCCCATTGGGAGAATAGCAGACTGTAGACTGCTTTGGGATTACGTCTATCAGTTGCTTTCTGACAGC
CGGTACGAAAACTTCATCCGATGGGAGGACAAAGAATCCAAAATATTCCGGATAGTGGATCCCAACGGAC
TGGCTCGACTGTGGGGAAACCATAAGAACAGAACAAACATGACCTATGAGAAAATGTCCAGAGCCCTGCG
CCACTACTACAAACTAAACATTATCAGGAAGGAGCCAGGACAAAGGCTTTTGTTCAGGTTTATGAAAACC
CCAGATGAAATCATGAGTGGCCGAACAGACCGTCTGGAGCACCTAGAGTCCCAGGAGCTGGATGAACAAA
TATACCAAGAAGATGAATGCTGAAGGAACCAACAGTCCACCTCAGCGGGCCAGCAGCCCAGGGAACCCCT
GCCCACCAGGATTGCTGGAAGTGTGACGGAGCAGGCGGGCTGAGGAGAGTGGAAAAGGAAGCGACCCAGA
AATGGCAGGGACACTTCTCTTGCAGACCAAGAGGGACCCTGGAGCACCTTAGACAAACTACCCAGCACAG
GCGGGGCTGGAATTCTGGCGGAGGGCATGAGCCTGGGACTCCATGTCACGTTTCCTTCTGATTTGGAATC
TCTCCATCTGTAATTCCTCACCCTCACCCTTCCACCGTTGTTAGTATCATGGTGTTTTTGTTTTTGTTTT
TGTTTTAAGAACCTGCAGTTTGACTCTTCATCGTTCATCTAGGGGAAGACATCTGATGTTGTTTTCCTAT
GGAAATATATATCTATTATATATATATTTTTTGCAAATCTCACAAAGTGCGGCAAGCCCAGCTGGTCAGG
AAAGAGAATACTTGCAGAGGGGTTCAGGTTCCTCTTTTTCCTGCCACGTGGATCAGGTCTGTTCCTGTTA
CTGTTGGGTCTTGGCTGAAAAAAAAAAATGCTTTTAAAAAAGATAAAATGAAAAGGAGAGCTCTCTTTTT
CTCTCTCTTGCTCTGTTCTTCCCTTGGTCCCCTCTGTCCTCCCGCCCTGCCTGCAGTTGAGATTCAGATG
CCTTCTGACAGAGTTCAGCCTCTTGGAGAGTCTTGGGGATTGTTGGCACCTAAACAGAATCAGTGACCCG
GGTGCTTTGTGGCCAGCAGCACAGAATCAAACCCGCATCCCAGCATTGGGCCACCCATCTGAGGGAGGCC
AAAATCATCACAGATGCTGCTGTGCTGCAGACAGATACATGCTAGTCCAGAGAGCCGCCCCTGAGATGGC
TGTGAGAACCATGTGTCTAAGGCGTAAGATAAGGATGGAAGGCTGTCCAAGTTATTTGGAAGGCCTCGGC
AGCTTGGGATTAGCTTGGGAGCGCAGCGCTGCAAAGTGGAAAATATGAAAAGACCACACAGGCCCAGCAG
TCCAGAAACTGGGCAAAAATATTCTGCAGTGGGGATTTATTTTTCCAAAGCAGGTAACAGAGGCTAGTGA
GAAAGAAAAGCTCCTCTCTGCTCCATTCCAAAGGCCATCTTGTGGTCAGTTTCATGCCCTCACCTGATTT
TTTTTTTTTTTTTTTTTTTTCAATTCCTAACCTTTTTTAAAGTTTCCTGGTCTCCACTGGACACAGAGCT
TTGGAGACGGAGGATCCCAGAGGGCAGTCTCAGTTGCAATCAGTGTGTGCCCAGCCTGGGCAGACAGGAA
ATTCCTCGGATACATTATTTTTTCTTTCTTTCATAGCTGTGTCTCAGAAAGGACCCATTTGTGGCTCTTT
TTCACCTCAAAATAAGATCGATGGTATCTTGTAAAATGAGGGTAGTGCCACTTCTTAGTATTTTTGAAAG
CTGTTTTAGATTTTTTTTTTTTTTCCTTTTCTAGCCATCTAAATTGACTCTTCCAATATAGGTCTCAGAA
ATCCAATATTTGGAGTACAATTTCTTTTAATCCAGATTACACCTGCCTTACAAAGCACCCCCTCCTTGTT
CCCCTCTGTTTCCTCTACTCAGTTGGGGGAGAAACTCACAGCTCCTCCGGGATACATATGTGCCCTCAGC
AGCAGCTCCCAGGTGAAGTTACCAGACCCCTGGGCTTCTCCCCAGCTTTTTCTGAGTTGAGTCAGACATG
TAGAGTTTGGGTCACACAGGCAAGAGGAATTTTCCCTCGGCCTTACTGACAAGGACACCAACCTAGGGTG
CAAACAGATGGACTATGGTTCAAGGACACTGGAATTGAGGAGCTGATCAAGGCTCTCTTCAGCCTTGCTC
TGTCCCTGCCTCTTATCAGAGCACAGGTAGACACACGGGCATAGCCAGCCCACTCCTACTGTCACAGGCG
CCCCACCATTCAACCTTCCGGGAGGTCAGGGACCTTCTATATGAGGCGAGTGGGTCTCAGTCTGCTTGAA
TGGTGATGAGATTCTGCTGGATCTCAGCACGCTGCAGGTGTCTTTTGAGAGCATTCAGTAGGACATGGTG
ATCCCTATTTCAGCCTCTAAGATGACTGGTATTCTATCTGAAATGCAGAGATTAAGCCAAATACCTGATG
TATTGTGAAAGCCACTGATTTTAAGAATGGAGAGAAAGGGATTTTTTACTGCATCCCTCTGTATGAATAT
GAAATCAGAGACCAGGGCATGATGTTGCTAGGATTAGAGCCTCTCAGTCTGGCCTCTTCACCCAAGTGCA
AGAACTCAGTCTCTTACTGTTCAAAGAATCTTAACAGTTGAATTATGGAGGGAAATTCCCTTTTGCCCCA
AGCATTTCTATATTTAAAGCAATATCCCAGGAGAATATGTTAGACTTAGGATGATACCTTCAGCCACTTG
AAGAAGAAATAGAAGGCGCTCATTCCAATATAGTCTTTATTTCCCATTCAGATACAGGTTGAGCATCCCT
AATCTGAACAGTTAAAACCCCCAAATGCCCCAAAATCCAAACCTTCCTGAACGCTATGACACCATGAGTG
GAAAATTCCACACCTAACAAACACATTTGCTTTCTTATGGTTCAATGTACACAAACTGTTTTATATAGAA
AATGATTTCAAATATCATAAAATTACCTTCAGGCTATGTGTATAAAGTATATATGAGCCATAAATGAATT
TTGTGTTTAGACTTTGTGTCCATCCCCAAGATCTCTCATTTTATATATATATATATATATATATATATAT
ATATATATATATATATATACACACACACACACATACACAAATATTCCAGGATACAAAAAAAAACATTTAA
AAATCCGAGACCCAGAACACTTCTGGTCCCAAGCATTTCAGATAAGGGATATCAATCTGTACTACCAATA
AGGATTTCGTAATTCCCCTAACTGCAAATGTCCTCTTCATTTGTTCTTTATGAGAAAACCCGGGTAGTGC
CAGCACCTGGATACAGTATTTACACCCTGCAGACCCTAAAGATTTCAGATTCAGTTAGCAAACCTTGATG
AAGCACCTGCTGGACACTGAGGGACCCAAAGCTCAATCAGCCATAATCCCTGCTTTCAGAGTTTATATTG
TACCTGCCTAATCCACCCGGCGTGACTCATTTCAACACTAAGTACTAGGGGTGTTGTCAGGAGACAAATC
TGAAGTCAGGAGAGGAAAATGCAAAGGAGCCCTGCCGTGTGATGGATGTGCATTCTCACTTGGGTCTTGA
AGTTCTCATTCCTACATCTCAAGCTAGCCAGGCAGTCTCCTCTCTATCAGAAGAAAGCACTGGTAATTGG
CTAGACTGGCTATGTTGAAGGTAACATGAACTCTAAGATCTTGACCCAGGGCGACTTGGTTTTGCTTAAG
GTGGCATCACCAATGTTCCAAATCCTTTAGGGAGATGAGGGTATCCCCACAGAAAAAGAGGAATAATAGA
CCAATGGATTTTCTCCTTTCACCAGTATGTTTGGAACCCTCTGATCCAATGTCTTTTGATACTGATCTCT
TGTCCAAATGAGAATGTCGCTTTAGCTGAAATTCAAATGGCTGTGACAATTTACCGAAATGATGAAGTAA
CCACCATTCCCACCTTTCACTGCCTAGGCTCCAAGTCTGAATACATTTTTGAAATAGGAACTCCCTTTTG
CAAAAAAGAAACCTGGGTGTCAGGGAGGTGAAGTGACTTGCCCTAGGAGCAGACAGCATGCCAAGAATGG
AATTAGGCTCAGGATCCAGCCTGGGCTCACCCTGTGTGGCTCATTCCCACCCAGGAAACTGAAGATAAAA
GATTTGGGAAAACACACCAAGAAAAAGGGGCAGTTTTCTTTGCCCAAGCATTTGGTGCTAGTTAGAGGCT
GTTCACTCTCTCCTGCTCCTCTTCGGAGTAGAAATAAAGGCTGTGACACAAGGAAGCCAGTGGGGTGGGA
GGGAGGCACCATAATCCCTCCCTAAAACCCACAGAAGACTAACCTGATACTCTTTTGACCCAACTGCATC
AACACTAAACAGCTGCAGACCCCCTGAATCTTTCACACATGCCAAGTGAACATTCTTGATGATTTCTCTT
TGTGACCGCAACCACCTGCAAACCAGAACGACTCTAGAATTTCCTTCCCCGCCCCCCTTTTTGTTTAGTT
TCTAATCTCTTGTTTATGAGGTGTGGGGTTTATAAGGGACTGAATCAAATGAATGTAACAAAAAAGAAAA
AAAAAACAAAAAAAAATGCCTTTTCTCAGGGCCAGTGAGTTGCAAATAATTTTTAAAGAAAAGCCTATAA
TTACATCATCTCAATAAATTTTTTATAAAAAAAAAAAAA
>FLI1
AGAGAAGAGAGAGGAGAGCTCGAGGCGAGAGAGAGAGAGAGAGAGAGAGAGAGAGAGAGAGAGAGAGAGA
GAGAGAGATAGGACTTCCTCCCCGATTCGCAAAGTGAAGTCACTTCCCAAAATTAGCTGAAAAAAAAGTT
TCATCCGGTTAACTGTCTCTTTCGCTCCGCTACAACAACAAACGTGCACAGGGGAGTGAGGGCAGGGCGC
TCGCAGGGGGCACGCAGGGAGGGCCCAGGGCGCCAGGGAGGCCGCGCCGGGCTAATCCGAAGGGGCTGCG
AGGTCAGGCTGTAACCGGGTCAATGTGTGGAATATTGGGGGGCTCGGCTGCAGACTTGGCCAAATGGACG
GGACTATTAAGGAGGCTCTGTCGGTGGTGAGCGACGACCAGTCCCTCTTTGACTCAGCGTACGGAGCGGC
AGCCCATCTCCCCAAGGCCGACATGACTGCCTCGGGGAGTCCTGACTACGGGCAGCCCCACAAGATCAAC
CCCCTCCCACCACAGCAGGAGTGGATCAATCAGCCAGTGAGGGTCAACGTCAAGCGGGAGTATGACCACA
TGAATGGATCCAGGGAGTCTCCGGTGGACTGCAGCGTTAGCAAATGCAGCAAGCTGGTGGGCGGAGGCGA
GTCCAACCCCATGAACTACAACAGCTATATGGACGAGAAGAATGGCCCCCCTCCTCCCAACATGACCACC
AACGAGAGGAGAGTCATCGTCCCCGCAGACCCCACACTGTGGACACAGGAGCATGTGAGGCAATGGCTGG
AGTGGGCCATAAAGGAGTACAGCTTGATGGAGATCGACACATCCTTTTTCCAGAACATGGATGGCAAGGA
ACTGTGTAAAATGAACAAGGAGGACTTCCTCCGCGCCACCACCCTCTACAACACGGAAGTGCTGTTGTCA
CACCTCAGTTACCTCAGGGAAAGTTCACTGCTGGCCTATAATACAACCTCCCACACCGACCAATCCTCAC
GATTGAGTGTCAAAGAAGACCCTTCTTATGACTCAGTCAGAAGAGGAGCTTGGGGCAATAACATGAATTC
TGGCCTCAACAAAAGTCCTCCCCTTGGAGGGGCACAAACGATCAGTAAGAATACAGAGCAACGGCCCCAG
CCAGATCCGTATCAGATCCTGGGCCCGACCAGCAGTCGCCTAGCCAACCCTGGAAGCGGGCAGATCCAGC
TGTGGCAATTCCTCCTGGAGCTGCTCTCCGACAGCGCCAACGCCAGCTGTATCACCTGGGAGGGGACCAA
CGGGGAGTTCAAAATGACGGACCCCGATGAGGTGGCCAGGCGCTGGGGCGAGCGGAAAAGCAAGCCCAAC
ATGAATTACGACAAGCTGAGCCGGGCCCTCCGTTATTACTATGATAAAAACATTATGACCAAAGTGCACG
GCAAAAGATATGCTTACAAATTTGACTTCCACGGCATTGCCCAGGCTCTGCAGCCACATCCGACCGAGTC
GTCCATGTACAAGTACCCTTCTGACATCTCCTACATGCCTTCCTACCATGCCCACCAGCAGAAGGTGAAC
TTTGTCCCTCCCCATCCATCCTCCATGCCTGTCACTTCCTCCAGCTTCTTTGGAGCCGCATCACAATACT
GGACCTCCCCCACGGGGGGAATCTACCCCAACCCCAACGTCCCCCGCCATCCTAACACCCACGTGCCTTC
ACACTTAGGCAGCTACTACTAGAAGCTTACTCATCAGTGGCCTTCTAGCTGAAGCCCATCCTGCACACTT
ACTGGATGCTTTGGACTCAACAGGACATATGTGGCCTTGAAGGGAAGACAAAACTGGATGTTCTTTCTTG
TTGGATAGAACCTTTGTATTTGTTCTTTAAAAACATTTTTTTTAATGTTGGTAACTTTTGCTTCCTCTAC
CTGAACAAAGAGATGAATAATTCCATGGGCCAGTATGCCAGTTTGAATTCTCAGTCTCCTAGCATCTTGT
GAGTTGCATATTAAGATTACTGGAATGGTTAAGTCATGGTTCTGAGAAAGAAGCTGTACGTTTTCTTTAT
GTTTTTATGACCAAAGCAGTTTCTTGTCAATACACGGGGTTCAGTATGACACAGAATCATGGACTTAACC
CGTCATGTTCTGGTTTGAGATTTAGTGACAAATAGAGGTGGGAAGCTTATAATCTAATTTTAGGAGGACC
AAATTCAGTGGATGGCAACTGGAACATTGATTGTAAGGCCAGTGAAGTTTTCACCCAACTGGAATTTGAT
GGAAAGAAGGTTTGTGTGTTTAAGACGCCAAGGGCATTGCAGAATCCCTCTCAGTGGACAGTATGCACTC
AGCTGACCACTCTCTCTAGAAATAGTCAAGATATGAACTAAGAAATTTTAATGCAAATACATACATTCCT
GAAAGACGGGGAATTAAATTACTAATTTTTTTTTTTTTTTAAATGATGACAGTGGTCCCAGAACTTGGAA
AAGTTGTAGGGATTTCTAAACTCAAGCAGATTCGCAAGTGCTGTGCGCTTGTCAGACCATCAGACCAGGG
CCAACCAATCAGAAGGCAACTTACTGTATAAATTATGCAGAGTTATTTTCCTATATCTCACAGTATTAAA
AATAAATAATTAAAAATTAAGAATAAATAAACGAGTTGACCTCGGTCACAAAAGCAGTTTTACTATCGAA
TCAATCGCTGTTATTTTTTTTAATGTAATTTGTACATCTTTTTTCAATCTGTACATTTGGGCTGTCTGTA
TGTTTTTATAGCTGGTTTTTAAAAAGCATAATATGCCTATAGCTGAAAAGGAAACAGGGCTGTTTAAGTC
ACTGACTTATGAGAAAGCAAAGCACTGGTACAGTTATTTAACAGGCATACACAAGCAGGGAAAAGATAAT
CCATTTAGATCTTTAATGCTTTGGAAATGCGTGTAACAGTACTGCAATAATCACAGCTCTGGGAAAAACA
ACGAAACTTTCCCTTGTGGAGAGGAGGGATTTTCCTGCTCTATATAAGCAACATATTTTTAGACATTAAA
ATATATATAATTTTGCAGGTAATTGTTGACTTTTTTAACTATATTAAGTGTTAAGCTGACAACTGTCAAA
GAAGACCATGTTGTAAAATAATTTGACTAAATAAATGGTTCCTTCTCTCAGTGCTGAGGACAGTTTTCTT
ATTTACCGCCCCCGTTAGGTCAAAGGGTTTTCCCTGGGGAACTTTCCTATTTACTTCTTGCACTATCAAG
AATTTTTCGAATGTACCTACTGCAGTACAGCAGAAGGTAAAAAATCAGTGTGGTTTTTCATTGTTGTTGA
TGATGTTTGTAGTGTTTTTGTGTGTGTTATTTAAATCTTCCTCCAGCCTAAAAGGGTTTTATAAAACAGC
AGCTAAGGCCATGGATAAACCTGTATGTAAGGACTGGAGCAAAGCGAGCTGGTCTATCCAGACTGGTCTG
TGAGATTTAACTCTGCAGCCTCCCCTGGGCACTTCAGACCCAGACGGCCACCTTCTGCCACTCCAGCAAA
GAATAAGCGCCCTGCTTCCTTCAGGTCTCAGACCAGGACTTTATGGCTCATGCAGATTTTTAAGGTCATT
TTTCTTCCCAAGGAAGAAACTTGCCTCCAGTTCCTTCACTGTTAGGTAGCTTATTTTCATTTTCTCTATT
TTACAATGAAAAGAGTGAGACCTGGGAAGTCCTTGATTTGCAAGGAATTAGACTCACAGCATTGGTAACC
CTAGAACCTTCTTAGGGTAACACTAAGTACCTTCTAGACAACATGTCTACCTAAATGAAATGGGATGTGT
TTCGGAACATTTGTCTCCAGTTTTTTTTTAATCTTGCACCCTGCCATTTAAAAAGATGTGTAAAGCACAT
ATTCTCAACATATGCACATTGATTTATAAATCATATATACAAACTGTTACATTATTCTTCATATTAGAAA
ACAAATACAAAATAGAACATTTTAAATGGTGATATAAAAATAAATTGAAACTGAAATTCTAAAAAAAAAA
AAAAA
>ERG
CCCCCGAGGGACATGAGAGAAGAGGAGCGGCGCTCAGGTTATTCCAGGATCTTTGGAGAC
CCGAGGAAAGCCGTGTTGACCAAAAGCAAGACAAATGACTCACAGAGAAAAAAGATGGCA
GAACCAAGGGCAACTAAAGCCGTCAGGTTCTGAACAGCTGGTAGATGGGCTGGCTTACTG
AAGGACATGATTCAGACTGTCCCGGACCCAGCAGCTCATATCAAGGAAGCCTTATCAGTT
GTGAGTGAGGACCAGTCGTTGTTTGAGTGTGCCTACGGAACGCCACACCTGGCTAAGACA
GAGATGACCGCGTCCTCCTCCAGCGACTATGGACAGACTTCCAAGATGAGCCCACGCGTC
CCTCAGCAGGATTGGCTGTCTCAACCCCCAGCCAGGGTCACCATCAAAATGGAATGTAAC
CCTAGCCAGGTGAATGGCTCAAGGAACTCTCCTGATGAATGCAGTGTGGCCAAAGGCGGG
AAGATGGTGGGCAGCCCAGACACCGTTGGGATGAACTACGGCAGCTACATGGAGGAGAAG
CACATGCCACCCCCAAACATGACCACGAACGAGCGCAGAGTTATCGTGCCAGCAGATCCT
ACGCTATGGAGTACAGACCATGTGCGGCAGTGGCTGGAGTGGGCGGTGAAAGAATATGGC
CTTCCAGACGTCAACATCTTGTTATTCCAGAACATCGATGGGAAGGAACTGTGCAAGATG
ACCAAGGACGACTTCCAGAGGCTCACCCCCAGCTACAACGCCGACATCCTTCTCTCACAT
CTCCACTACCTCAGAGAGACTCCTCTTCCACATTTGACTTCAGATGATGTTGATAAAGCC
TTACAAAACTCTCCACGGTTAATGCATGCTAGAAACACAGGGGGTGCAGCTTTTATTTTC
CCAAATACTTCAGTATATCCTGAAGCTACGCAAAGAATTACAACTAGGCCAGATTTACCA
TATGAGCCCCCCAGGAGATCAGCCTGGACCGGTCACGGCCACCCCACGCCCCAGTCGAAA
GCTGCTCAACCATCTCCTTCCACAGTGCCCAAAACTGAAGACCAGCGTCCTCAGTTAGAT
CCTTATCAGATTCTTGGACCAACAAGTAGCCGCCTTGCAAATCCAGGCAGTGGCCAGATC
CAGCTTTGGCAGTTCCTCCTGGAGCTCCTGTCGGACAGCTCCAACTCCAGCTGCATCACC
TGGGAAGGCACCAACGGGGAGTTCAAGATGACGGATCCCGACGAGGTGGCCCGGCGCTGG
GGAGAGCGGAAGAGCAAACCCAACATGAACTACGATAAGCTCAGCCGCGCCCTCCGTTAC
TACTATGACAAGAACATCATGACCAAGGTCCATGGGAAGCGCTACGCCTACAAGTTCGAC
TTCCACGGGATCGCCCAGGCCCTCCAGCCCCACCCCCCGGAGTCATCTCTGTACAAGTAC
CCCTCAGACCTCCCGTACATGGGCTCCTATCACGCCCACCCACAGAAGATGAACTTTGTG
GCGCCCCACCCTCCAGCCCTCCCCGTGACATCTTCCAGTTTTTTTGCTGCCCCAAACCCA
TACTGGAATTCACCAACTGGGGGTATATACCCCAACACTAGGCTCCCCACCAGCCATATG
CCTTCTCATCTGGGCACTTACTACTAAAGACCTGGCGGAGGCTTTTCCCATCAGCGTGCA
TTCACCAGCCCATCGCCACAAACTCTATCGGAGAACATGAATCAAAAGTGCCTCAAGAGG
AATGAAAAAAGCTTTACTGGGGCTGGGGAAGGAAGCCGGGGAAGAGATCCAAAGACTCTT
GGGAGGGAGTTACTGAAGTCTTACTACAGAAATGAGGAGGATGCTAAAAATGTCACGAAT
ATGGACATATCATCTGTGGACTGACCTTGTAAAAGACAGTGTATGTAGAAGCATGAAGTC
TTAAGGACAAAGTGCCAAAGAAAGTGGTCTTAAGAAATGTATAAACTTTAGAGTAGAGTT
TGGAATCCCACTAATGCAAACTGGGATGAAACTAAAGCAATAGAAACAACACAGTTTTGA
CCTAACATACCGTTTATAATGCCATTTTAAGGAAAACTACCTGTATTTAAAAATAGAAAC
ATATCAAAAACAAGAGAAAAGACACGAGAGAGACTGTGGCCCATCAACAGACGTTGATAT
GCAACTGCATGGCATGTGCTGTTTTGGTTGAAATCAAATACATTCCGTTTGATGGACAGC
TGTCAGCTTTCTCAAACTGTGAAGATGACCCAAAGTTTCCAACTCCTTTACAGTATTACC
GGGACTATGAACTAAAAGGTGGGACTGAGGATGTGTATAGAGTGAGCGTGTGATTGTAGA
CAGAGGGGTGAAGAAGGAGGAGGAAGAGGCAGAGAAGGAGGAGACCAGGGCTGGGAAAGA
AACTTCTCAAGCAATGAAGACTGGACTCAGGACATTTGGGGACTGTGTACAATGAGTTAT
GGAGACTCGAGGGTTCATGCAGTCAGTGTTATACCAAACCCAGTGTTAGGAGAAAGGACA
CAGCGTAATGGAGAAAGGGGAAGTAGTAGAATTCAGAAACAAAAATGCGCATCTCTTTCT
TTGTTTGTCAAATGAAAATTTTAACTGGAATTGTCTGATATTTAAGAGAAACATTCAGGA
CCTCATCATTATGTGGGGGCTTTGTTCTCCACAGGGTCAGGTAAGAGATGGCCTTCTTGG
CTGCCACAATCAGAAATCACGCAGGCATTTTGGGTAGGCGGCCTCCAGTTTTCCTTTGAG
TCGCGAACGCTGTGCGTTTGTCAGAATGAAGTATACAAGTCAATGTTTTTCCCCCTTTTT
ATATAATAATTATATAACTTATGCATTTATACACTACGAGTTGATCTCGGCCAGCCAAAG
ACACACGACAAAAGAGACAATCGATATAATGTGGCCTTGAATTTTAACTCTGTATGCTTA
ATGTTTACAATATGAAGTTATTAGTTCTTAGAATGCAGAATGTATGTAATAAAATAAGCT
TGGCCTAGCATGGCAAATCAGATTTATACAGGAGTCTGCATTTGCACTTTTTTTAGTGAC
TAAAGTTGCTTAATGAAAACATGTGCTGAATGTTGTGGATTTTGTGTTATAATTTACTTT
GTCCAGGAACTTGTGCAAGGGAGAGCCAAGGAAATAGGATGTTTGGCACCCAAATGGCGT
CAGCCTCTCCAGGTCCTTCTTGCCTCCCCTCCTGTCTTTTATTTCTAGCCCCTTTTGGAA
CAGAAGGACCCCGGGTTTCACATTGGAGCCTCCATATTTATGCCTGGAATGGAAAGAGGC
CTATGAAGCTGGGGTTGTCATTGAGAAATTCTAGTTCAGCACCTGGTCACAAATCACCCT
TAATTCCTGCTATGATTAAAATACATTTGTTGAACAGTGAACAAGCTACCACTCGTAAGG
CAAACTGTATTATTACTGGCAAATAAAGCGTCATGGATAGCTGCAATTTCTCACTTTACA
GAAACAAGGGATAACGTCTAGATTTGCTGCGGGGTTTCTCTTTCAGGAGCTCTCACTAGG
TAGACAGCTTTAGTCCTGCTACATCAGAGTTACCTGGGCACTGTGGCTTGGGATTCACTA
GCCCTGAGCCTGATGTTGCTGGCTATCCCTTGAAGACAATGTTTATTTCCATAATCTAGA
GTCAGTTTCCCTGGGCATCTTTTCTTTGAATCACAAATGCTGCCAACCTTGGTCCAGGTG
AAGGCAACTCAAAAGGTGAAAATACAAGGTGACCGTGCGAAGGCGCTAGCCGAAACATCT
TAGCTGAATAGGTTTCTGAACTGGCCCTTTTCATAGCTGTTTCAGGGCCTGTTTTTTTCA
CGTTGCAGTCCTTTTGCTATGATTATGTGAAGTTGCCAAACCTCTGTGCTGTGGATGTTT
TGGCAGTGGGCTTTGAAGTCGGCAGGACACGATTACCAATGCTCCTGACACCCCGTGTCA
TTTGGATTAGACGGAGCCCAACCATCCATCATTTTGCAGCAGCCTGGGAAGGCCCACAAA
GTGCCCGTATCTCCTTAGGGAAAATAAATAAATACAATCATGAAAGCTGGCAGTTAGGCT
GACCCAAACTGTGCTAATGGAAAAGATCAGTCATTTTTATTTTGGAATGCAAAGTCAAGA
CACACCTACATTCTTCATAGAAATACACATTTACTTGGATAATCACTCAGTTCTCTCTTC
AAGACTGTCTCATGAGCAAGATCATAAAAACAAGACATGATTATCATATTCAATTTTAAC
AGATGTTTTCCATTAGATCCCTCAACCCTCCACCCCCAGTCCAGGTTATTAGCAAGTCTT
ATGAGCAACTGGGATAATTTTGGATAACATGATAATACTGAGTTCCTTCAAATACATAAT
TCTTAAATTGTTTCAAAATGGCATTAACTCTCTGTTACTGTTGTAATCTAATTCCAAAGC
CCCCTCCAGGTCATATTCATAATTGCATGAACCTTTTCTCTCTGTTTGTCCCTGTCTCTT
GGCTTGCCCTGATGTATACTCAGACTCCTGTACAATCTTACTCCTGCTGGCAAGAGATTT
GTCTTCTTTTCTTGTCTTCAATTGGCTTTCGGGCCTTGTATGTGGTAAAATCACCAAATC
ACAGTCAAGACTGTGTTTTTGTTCCTAGTTTGATGCCCTTATGTCCCGGAGGGGTTCACA
AAGTGCTTTGTCAGGACTGCTGCAGTTAGAAGGCTCACTGCTTCTCCTAAGCCTTCTGCA
CAGATGTGGCACCTGCAACCCAGGAGCAGGAGCCGGAGGAGCTGCCCTCTGACAGCAGGT
GCAGCAGAGATGGCTACAGCTCAGGAGCTGGGAAGGTGATGGGGCACAGGGAAAGCACAG
ATGTTCTGCAGCGCCCCAAAGTGACCCATTGCCTGGAGAAAGAGAAGAAAATATTTTTTA
AAAAGCTAGTTTATTTAGCTTCTCATTAATTCATTCAAATAAAGTCGTGAGGTGACTAAT
TAGAGAATAAAAATTACTTTGGACTACTCAAAAATACACCAAA
>FEV
GCGGCGAGTGGAGCGGGAGCCGACTGGAAGAAGGGCTCTAGGGAGGGGGCTGTGGCTGCTGGGGTCCGAG
GTGGGGCCGGGTACACCAGCCCCATCACTGTTTGCAGAGAGTCAGGGAGGCGGAAAAGACACGCGCTCTA
GGCTCCCATCAGGGCACATGGCCCGGGCCCATCCCCCGCGCGTCTCCCCGGCTGCGGGGCGCGGGGGGCT
GCCGGGTGCGCTTGGCTGTGGCGCGGCGCGTTGGAGACTTTATTGCGATGGGACGATAAGAGGGGCGGGG
GCGGGGTCCTGGGGGCCGAGGCGGCAGCGCTTTAATTAAAACGGAAATTGCGGCCCCGGGCCGCGCGGGG
GCCGGAGGGTTCCAAGCGGCCCCTTAGCTGGAAGCGTTTCTCCAGGACCCCCCCGCAACCCCCGCCACGC
CCGGGCTGCCCCCTCCCGCCAGGCCCTGCCGGACCCGGCGCCGTCTTCTCCTCCTTGTCACCCGCGGTCG
CTTCGGGCGGGGATCGGTGCCACCGAGCGCAAAGCCTGCCTCGCCCCCCTTCCCCGTCCCCCCCATCTCC
CACCGCCCAGTCCCCGGCGGCGATGAGACAGAGCGGCGCCTCCCAGCCCCTGCTGATCAACATGTACCTG
CCAGATCCCGTCGGAGACGGTCTCTTCAAGGACGGGAAGAACCCGAGCTGGGGGCCGCTGAGCCCCGCGG
TTCAGAAAGGCAGCGGACAGATCCAGCTGTGGCAGTTTCTGCTGGAGCTGCTGGCTGACCGCGCGAACGC
CGGCTGCATCGCGTGGGAGGGCGGTCACGGCGAGTTCAAGCTCACGGACCCGGACGAGGTGGCGCGGCGG
TGGGGCGAGCGCAAGAGCAAGCCCAACATGAACTACGACAAGCTGAGCCGCGCCCTGCGCTACTACTACG
ACAAGAACATCATGAGCAAGGTGCATGGCAAGCGCTACGCCTACCGCTTCGACTTCCAGGGCCTGGCGCA
GGCCTGCCAGCCGCCGCCCGCGCACGCTCATGCCGCCGCCGCAGCTGCTGCCGCCGCCGCGGCCGCCCAG
GACGGCGCGCTCTACAAGCTGCCCGCCGGCCTCGCCCCGCTGCCCTTCCCCGGCCTCTCCAAACTCAACC
TCATGGCCGCCTCGGCCGGGGTCGCGCCCGCCGGCTTCTCCTACTGGCCGGGCCCGGGCCCCGCCGCCAC
CGCTGCCGCCGCCACCGCCGCGCTCTACCCCAGTCCCAGCTTGCAGCCCCCGCCCGGGCCCTTCGGGGCC
GTGGCCGCAGCCTCGCACTTGGGGGGCCATTACCACTAGACGGGGCGGTCGGGTGCCTGCGGCCTCGCCC
GCACGCCTAGAGTCTCGCCCGATCCCATCGGCATCCCGGGGAGGGCCCGGGAGCCTCCGTCAACCGTCCT
CTAATCCAGAGTTTACTCCACCTGCCGCACTTAGCAGGGGGACGGGACCGAAGCTCCCTCAATCCTTGTC
TGGTACTAGATTTGCTCCTGTCCCACCCCGCAGTCCCCTGAGGAGGGCGATGTGCGCCCTCTTTCACTTT
TTTTCTTCTAGGTCTCCAGGTCCCGGAGGGGATTTGTGGACCTCTCTTGTCTCCCCACCACTCCAGTGCA
TTTCCGCCTGGCTCCTAGAAGCCCCATTCAATATCACTACTCTTTAACGAGTGCCAAATCTTTTCCCACT
TTTGCTCTTCCCCAAGGAACTGCTCCCACCTCAGCACGTGGAGGCCTCTCACGGTCCTCCTTCCTGGGAC
CTGAGCAGGTTTGGTGAAAGCCACCGTCCTCCGTGACACACGGCCCCCTTCCTCCTGTCCCCACACTCCC
AGGAGAAACTCCCGGTGTGTTTCTGACCCTTTCAGCCCCATTAAAGCTCCTGAGCTCTCAAAAAAAAAAA
AAAAAAAAAAA
>WT1
AGCTGGGGTAAGGAGTTCAAGGCAGCGCCCACACCCGGGGGCTCTCCGCAACCCGACCGCCTGTCCGCTC
CCCCACTTCCCGCCCTCCCTCCCACCTACTCATTCACCCACCCACCCACCCAGAGCCGGGACGGCAGCCC
AGGCGCCCGGGCCCCGCCGTCTCCTCGCCGCGATCCTGGACTTCCTCTTGCTGCAGGACCCGGCTTCCAC
GTGTGTCCCGGAGCCGGCGTCTCAGCACACGCTCCGCTCCGGGCCTGGGTGCCTACAGCAGCCAGAGCAG
CAGGGAGTCCGGGACCCGGGCGGCATCTGGGCCAAGTTAGGCGCCGCCGAGGCCAGCGCTGAACGTCTCC
AGGGCCGGAGGAGCCGCGGGGCGTCCGGGTCTGAGCCGCAGCAAATGGGCTCCGACGTGCGGGACCTGAA
CGCGCTGCTGCCCGCCGTCCCCTCCCTGGGTGGCGGCGGCGGCTGTGCCCTGCCTGTGAGCGGCGCGGCG
CAGTGGGCGCCGGTGCTGGACTTTGCGCCCCCGGGCGCTTCGGCTTACGGGTCGTTGGGCGGCCCCGCGC
CGCCACCGGCTCCGCCGCCACCCCCGCCGCCGCCGCCTCACTCCTTCATCAAACAGGAGCCGAGCTGGGG
CGGCGCGGAGCCGCACGAGGAGCAGTGCCTGAGCGCCTTCACTGTCCACTTTTCCGGCCAGTTCACTGGC
ACAGCCGGAGCCTGTCGCTACGGGCCCTTCGGTCCTCCTCCGCCCAGCCAGGCGTCATCCGGCCAGGCCA
GGATGTTTCCTAACGCGCCCTACCTGCCCAGCTGCCTCGAGAGCCAGCCCGCTATTCGCAATCAGGGTTA
CAGCACGGTCACCTTCGACGGGACGCCCAGCTACGGTCACACGCCCTCGCACCATGCGGCGCAGTTCCCC
AACCACTCATTCAAGCATGAGGATCCCATGGGCCAGCAGGGCTCGCTGGGTGAGCAGCAGTACTCGGTGC
CGCCCCCGGTCTATGGCTGCCACACCCCCACCGACAGCTGCACCGGCAGCCAGGCTTTGCTGCTGAGGAC
GCCCTACAGCAGTGACAATTTATACCAAATGACATCCCAGCTTGAATGCATGACCTGGAATCAGATGAAC
TTAGGAGCCACCTTAAAGGGAGTTGCTGCTGGGAGCTCCAGCTCAGTGAAATGGACAGAAGGGCAGAGCA
ACCACAGCACAGGGTACGAGAGCGATAACCACACAACGCCCATCCTCTGCGGAGCCCAATACAGAATACA
CACGCACGGTGTCTTCAGAGGCATTCAGGATGTGCGACGTGTGCCTGGAGTAGCCCCGACTCTTGTACGG
TCGGCATCTGAGACCAGTGAGAAACGCCCCTTCATGTGTGCTTACCCAGGCTGCAATAAGAGATATTTTA
AGCTGTCCCACTTACAGATGCACAGCAGGAAGCACACTGGTGAGAAACCATACCAGTGTGACTTCAAGGA
CTGTGAACGAAGGTTTTCTCGTTCAGACCAGCTCAAAAGACACCAAAGGAGACATACAGGTGTGAAACCA
TTCCAGTGTAAAACTTGTCAGCGAAAGTTCTCCCGGTCCGACCACCTGAAGACCCACACCAGGACTCATA
CAGGTAAAACAAGTGAAAAGCCCTTCAGCTGTCGGTGGCCAAGTTGTCAGAAAAAGTTTGCCCGGTCAGA
TGAATTAGTCCGCCATCACAACATGCATCAGAGAAACATGACCAAACTCCAGCTGGCGCTTTGAGGGGTC
TCCCTCGGGGACCGTTCAGTGTCCCAGGCAGCACAGTGTGTGAACTGCTTTCAAGTCTGACTCTCCACTC
CTCCTCACTAAAAAGGAAACTTCAGTTGATCTTCTTCATCCAACTTCCAAGACAAGATACCGGTGCTTCT
GGAAACTACCAGGTGTGCCTGGAAGAGTTGGTCTCTGCCCTGCCTACTTTTAGTTGACTCACAGGCCCTG
GAGAAGCAGCTAACAATGTCTGGTTAGTTAAAAGCCCATTGCCATTTGGTGTGGATTTTCTACTGTAAGA
AGAGCCATAGCTGATCATGTCCCCCTGACCCTTCCCTTCTTTTTTTATGCTCGTTTTCGCTGGGGATGGA
ATTATTGTACCATTTTCTATCATGGAATATTTATAGGCCAGGGCATGTGTATGTGTCTGCTAATGTAAAC
TTTGTCATGGTTTCCATTTACTAACAGCAACAGCAAGAAATAAATCAGAGAGCAAGGCATCGGGGGTGAA
TCTTGTCTAACATTCCCGAGGTCAGCCAGGCTGCTAACCTGGAAAGCAGGATGTAGTTCTGCCAGGCAAC
TTTTAAAGCTCATGCATTTCAAGCAGCTGAAGAAAAAATCAGAACTAACCAGTACCTCTGTATAGAAATC
TAAAAGAATTTTACCATTCAGTTAATTCAATGTGAACACTGGCACACTGCTCTTAAGAAACTATGAAGAT
CTGAGATTTTTTTGTGTATGTTTTTGACTCTTTTGAGTGGTAATCATATGTGTCTTTATAGATGTACATA
CCTCCTTGCACAAATGGAGGGGAATTCATTTTCATCACTGGGAGTGTCCTTAGTGTATAAAAACCATGCT
GGTATATGGCTTCAAGTTGTAAAAATGAAAGTGACTTTAAAAGAAAATAGGGGATGGTCCAGGATCTCCA
CTGATAAGACTGTTTTTAAGTAACTTAAGGACCTTTGGGTCTACAAGTATATGTGAAAAAAATGAGACTT
ACTGGGTGAGGAAATCCATTGTTTAAAGATGGTCGTGTGTGTGTGTGTGTGTGTGTGTGTGTGTGTGTTG
TGTTGTGTTTTGTTTTTTAAGGGAGGGAATTTATTATTTACCGTTGCTTGAAATTACTGTGTAAATATAT
GTCTGATAATGATTTGCTCTTTGACAACTAAAATTAGGACTGTATAAGTACTAGATGCATCACTGGGTGT
TGATCTTACAAGATATTGATGATAACACTTAAAATTGTAACCTGCATTTTTCACTTTGCTCTCAATTAAA
GTCTATTCAAAAGGAAAAAAAAAAAAA
>FOXO1
GCAGCCGCCACATTCAACAGGCAGCAGCGCAGCGGGCGCGCCGCTGGGGAGAGCAAGCGGCCCGCGGCGT
CCGTCCGTCCTTCCGTCCGCGGCCCTGTCAGCTGGAGCGCGGCGCAGGCTCTGCCCCGGCCCGGCGGCTC
TGGCCGGCCGTCCAGTCCGTGCGGCGGACCCCGAGGAGCCTCGATGTGGATGGCCCCGCGAAGTTAAGTT
CTGGGCTCGCGCTTCCACTCCGCCGCGCCTTCCTCCCAGTTTCCGTCCGCTCGCCGCACCGGCTTCGTTC
CCCCAAATCTCGGACCGTCCCTTCGCGCCCCCTCCCCGTCCGCCCCCAGTGCTGCGTTCTCCCCCTCTTG
GCTCTCCTGCGGCTGGGGGAGGGGCGGGGGTCACCATGGCCGAGGCGCCTCAGGTGGTGGAGATCGACCC
GGACTTCGAGCCGCTGCCCCGGCCGCGCTCGTGCACCTGGCCGCTGCCCAGGCCGGAGTTTAGCCAGTCC
AACTCGGCCACCTCCAGCCCGGCGCCGTCGGGCAGCGCGGCTGCCAACCCCGACGCCGCGGCGGGCCTGC
CCTCGGCCTCGGCTGCCGCTGTCAGCGCCGACTTCATGAGCAACCTGAGCTTGCTGGAGGAGAGCGAGGA
CTTCCCGCAGGCGCCCGGCTCCGTGGCGGCGGCGGTGGCGGCGGCGGCCGCCGCGGCCGCCACCGGGGGG
CTGTGCGGGGACTTCCAGGGCCCGGAGGCGGGCTGCCTGCACCCAGCGCCACCGCAGCCCCCGCCGCCCG
GGCCGCTGTCGCAGCACCCGCCGGTGCCCCCCGCCGCCGCTGGGCCGCTCGCGGGGCAGCCGCGCAAGAG
CAGCTCGTCCCGCCGCAACGCGTGGGGCAACCTGTCCTACGCCGACCTCATCACCAAGGCCATCGAGAGC
TCGGCGGAGAAGCGGCTCACGCTGTCGCAGATCTACGAGTGGATGGTCAAGAGCGTGCCCTACTTCAAGG
ATAAGGGTGACAGCAACAGCTCGGCGGGCTGGAAGAATTCAATTCGTCATAATCTGTCCCTACACAGCAA
GTTCATTCGTGTGCAGAATGAAGGAACTGGAAAAAGTTCTTGGTGGATGCTCAATCCAGAGGGTGGCAAG
AGCGGGAAATCTCCTAGGAGAAGAGCTGCATCCATGGACAACAACAGTAAATTTGCTAAGAGCCGAAGCC
GAGCTGCCAAGAAGAAAGCATCTCTCCAGTCTGGCCAGGAGGGTGCTGGGGACAGCCCTGGATCACAGTT
TTCCAAATGGCCTGCAAGCCCTGGCTCTCACAGCAATGATGACTTTGATAACTGGAGTACATTTCGCCCT
CGAACTAGCTCAAATGCTAGTACTATTAGTGGGAGACTCTCACCCATTATGACCGAACAGGATGATCTTG
GAGAAGGGGATGTGCATTCTATGGTGTACCCGCCATCTGCCGCAAAGATGGCCTCTACTTTACCCAGTCT
GTCTGAGATAAGCAATCCCGAAAACATGGAAAATCTTTTGGATAATCTCAACCTTCTCTCATCACCAACA
TCATTAACTGTTTCGACCCAGTCCTCACCTGGCACCATGATGCAGCAGACGCCGTGCTACTCGTTTGCGC
CACCAAACACCAGTTTGAATTCACCCAGCCCAAACTACCAAAAATATACATATGGCCAATCCAGCATGAG
CCCTTTGCCCCAGATGCCTATACAAACACTTCAGGACAATAAGTCGAGTTATGGAGGTATGAGTCAGTAT
AACTGTGCGCCTGGACTCTTGAAGGAGTTGCTGACTTCTGACTCTCCTCCCCATAATGACATTATGACAC
CAGTTGATCCTGGGGTAGCCCAGCCCAACAGCCGGGTTCTGGGCCAGAACGTCATGATGGGCCCTAATTC
GGTCATGTCAACCTATGGCAGCCAGGCATCTCATAACAAAATGATGAATCCCAGCTCCCATACCCACCCT
GGACATGCTCAGCAGACATCTGCAGTTAACGGGCGTCCCCTGCCCCACACGGTAAGCACCATGCCCCACA
CCTCGGGTATGAACCGCCTGACCCAAGTGAAGACACCTGTACAAGTGCCTCTGCCCCACCCCATGCAGAT
GAGTGCCCTGGGGGGCTACTCCTCCGTGAGCAGCTGCAATGGCTATGGCAGAATGGGCCTTCTCCACCAG
GAGAAGCTCCCAAGTGACTTGGATGGCATGTTCATTGAGCGCTTAGACTGTGACATGGAATCCATCATTC
GGAATGACCTCATGGATGGAGATACATTGGATTTTAACTTTGACAATGTGTTGCCCAACCAAAGCTTCCC
ACACAGTGTCAAGACAACGACACATAGCTGGGTGTCAGGCTGAGGGTTAGTGAGCAGGTTACACTTAAAA
GTACTTCAGATTGTCTGACAGCAGGAACTGAGAGAAGCAGTCCAAAGATGTCTTTCACCAACTCCCTTTT
AGTTTTCTTGGTTAAAAAAAAAAACAAAAAAAAAAACCCTCCTTTTTTCCTTTCGTCAGACTTGGCAGCA
AAGACATTTTTCCTGTACAGGATGTTTGCCCAATGTGTGCAGGTTATGTGCTGCTGTAGATAAGGACTGT
GCCATTGGAAATTTCATTACAATGAAGTGCCAAACTCACTACACCATATAATTGCAGAAAAGATTTTCAG
ATCCTGGTGTGCTTTCAAGTTTTGTATATAAGCAGTAGATACAGATTGTATTTGTGTGTGTTTTTGGTTT
TTCTAAATATCCAATTGGTCCAAGGAAAGTTTATACTCTTTTTGTAATACTGTGATGGGCCTCATGTCTT
GATAAGTTAAACTTTTGTTTGTACTACCTGTTTTCTGCGGAACTGACGGATCACAAAGAACTGAATCTCC
ATTCTGCATCTCCATTGAACAGCCTTGGACCTGTTCACGTTGCCACAGAATTCACATGAGAACCAAGTAG
CCTGTTATCAATCTGCTAAATTAATGGACTTGTTAAACTTTTGGAAAAAAAAAGATTAAATGCCAGCTTT
GTACAGGTCTTTTCTATTTTTTTTTGTTTATTTTGTTATTTGCAAATTTGTACAAACATTTAAATGGTTC
TAATTTCCAGATAAATGATTTTTGATGTTATTGTTGGGACTTAAGAACATTTTTGGAATAGATATTGAAC
TGTAATAATGTTTTCTTAAAACTAGAGTCTACTTTGTTACATAGTCAGCTTGTAAATTTTGTGGAACCAC
AGGTATTTGGGGCAGCATTCATAATTTTCATTTTGTATTCTAACTGGATTAGTACTAATTTTATACATGC
TTAACTGGTTTGTACACTTTGGGATGCTACTTAGTGATGTTTCTGACTAATCTTAAATCATTGTAATTAG
TACTTGCATATTCAACGTTTCAGGCCCTGGTTGGGCAGGAAAGTGATGTATAGTTATGGACACTTTGCGT
TTCTTATTTAGGATAACTTAATATGTTTTTATGTATGTATTTTAAAGAAATTTCATCTGCTTCTACTGAA
CTATGCGTACTGCATAGCATCAAGTCTTCTCTAGAGACCTCTGTAGTCCTGGGAGGCCTCATAATGTTTG
TAGATCAGAAAAGGGAGATCTGCATCTAAAGCAATGGTCCTTTGTCAAACGAGGGATTTTGATCCACTTC
ACCATTTTGAGTTGAGCTTTAGCAAAAGTTTCCCCTCATAATTCTTTGCTCTTGTTTCAGTCCAGGTGGA
GGTTGGTTTTGTAGTTCTGCCTTGAGGAATTATGTCAACACTCATACTTCATCTCATTCTCCCTTCTGCC
CTGCAGATTAGATTACTTAGCACACTGTGGAAGTTTAAGTGGAAGGAGGGAATTTAAAAATGGGACTTGA
GTGGTTTGTAGAATTTGTGTTCATAAGTTCAGATGGGTAGCAAATGGAATAGAACTTACTTAAAAATTGG
GGAGATTTATTTGAAAACCAGCTGTAAGTTGTGCATTGAGATTATGTTAAAAGCCTTGGCTTAAGAATTT
GAAAATTTCTTTAGCCTGTAGCAACCTAAACTGTAATTCCTATCATTATGTTTTATTACTTTCCAATTAC
CTGTAACTGACAGACCAAATTAATTGGCTTTGTGTCCTATTTAGTCCATCAGTATTTTCAAGTCATGTGG
AAAGCCCAAAGTCATCACAATGAAGAGAACAGGTGCACAGCACTGTTCCTCTTGTGTTCTTGAGAAGGAT
CTAATTTTTCTGTATATAGCCCACATCACACTTGCTTTGTCTTGTATGTTAATTGCATCTTCATTGGCTT
GGTATTTCCTAAATGTTTAACAAGAACACAAGTGTTCCTGATAAGATTTCCTACAGTAAGCCAGCTCTAT
TGTAAGCTTCCCACTGTGATGATCATTTTTTTGAAGATTCATTGAACAGCCACCACTCTATCATCCTCAT
TTTGGGGCAGTCCAAGACATAGCTGGTTTTAGAAACCCAAGTTCCTCTAAGCACAGCCTCCCGGGTATGT
AACTGAACTTGGTGCCAAAGTACTTGTGTACTAATTTCTATTACTACGTACTGTCACTTTCCTCCCGTGC
CATTACTGCATCATAATACAAGGAACCTCAGAGCCCCCATTTGTTCATTAAAGAGGCAACTACAGCCAAA
ATCACTGTTAAAATCTTACTACTTCATGGAGTAGCTCTTAGGAAAATATATCTTCCTCCTGAGTCTGGGT
AATTATACCTCTCCCAAGCCCCCATTGTGTGTTGAAATCCTGTCATGAATCCTTGGTAGCTCTCTGAGAA
CAGTGAAGTCCAGGGAAAGGCATCTGGTCTGTCTGGAAAGCAAACATTATGTGGCCTCTGGTAGTTTTTT
TCCTGTAAGAATACTGACTTTCTGGAGTAATGAGTATATATCAGTTATTGTACATGATTGCTTTGTGAAA
TGTGCAAATGATATCACCTATGCAGCCTTGTTTGATTTATTTTCTCTGGTTTGTACTGTTATTAAAAGCA
TATTGTATTATAGAGCTATTCAGATATTTTAAATATAAAGATGTATTGTTTCCGTAATATAGACGTATGG
AATATATTTAGGTAATAGATGTATTACTTGGAAAGTTCTGCTTTGACAAACTGACAAAGTCTAAATGAGC
ACATGTATCCCAGTGAGCAGTAAATCAATGGAACATCCCAAGAAGAGGATAAGGATGCTTAAAATGGAAA
TCATTCTCCAACGATATACAAATTGGACTTGTTCAACTGCTGGATATATGCTACCAATAACCCCAGCCCC
AACTTAAAATTCTTACATTCAAGCTCCTAAGAGTTCTTAATTTATAACTAATTTTAAAAGAGAAGTTTCT
TTTCTGGTTTTAGTTTGGGAATAATCATTCATTAAAAAAAATGTATTGTGGTTTATGCGAACAGACCAAC
CTGGCATTACAGTTGGCCTCTCCTTGAGGTGGGCACAGCCTGGCAGTGTGGCCAGGGGTGGCCATGTAAG
TCCCATCAGGACGTAGTCATGCCTCCTGCATTTCGCTACCCGAGTTTAGTAACAGTGCAGATTCCACGTT
CTTGTTCCGATACTCTGAGAAGTGCCTGATGTTGATGTACTTACAGACACAAGAACAATCTTTGCTATAA
TTGTATAAAGCCATAAATGTACATAAATTATGTTTAAATGGCTTGGTGTCTTTCTTTTCTAATTATGCAG
AATAAGCTCTTTATTAGGAATTTTTTGTGAAGCTATTAAATACTTGAGTTAAGTCTTGTCAGCCACAA
>NTRK3
ACATTTCTGCAGCCGCGCGGCGAGCCATTCGCGGCGGCTGCTGCAGCTCCTACTGCATCTTCCTTCTCTT
CCTTTCCTCGGGCTCCGGTCTCGGAGTCGGAGAGCGCGCCTCGCTTCCAGAGCCCCCGGACCCGGCGAGT
CAGCGATCGCCGAGCCGGCCACCATGCCCGGCAGACCGCGCCACTAGGCGCTCCTCGCGGCTCCCACCCG
GCGGCGGCGGCGGCGGCGGCGGCGTCCGCGATGGTTTCAGACGCTGAAGGATTTTGCATCTGATCGCTCG
GCGTTTCAAAGAAGCAGCGATCGGAGATGGATGTCTCTCTTTGCCCAGCCAAGTGTAGTTTCTGGCGGAT
TTTCTTGCTGGGAAGCGTCTGGCTGGACTATGTGGGCTCCGTGCTGGCTTGCCCTGCAAATTGTGTCTGC
AGCAAGACTGAGATCAATTGCCGGCGGCCGGACGATGGGAACCTCTTCCCCCTCCTGGAAGGGCAGGATT
CAGGGAACAGCAATGGGAACGCCAGTATCAACATCACGGACATCTCAAGGAATATCACTTCCATACACAT
AGAGAACTGGCGCAGTCTTCACACGCTCAACGCCGTGGACATGGAGCTCTACACCGGACTTCAAAAGCTG
ACCATCAAGAACTCAGGACTTCGGAGCATTCAGCCCAGAGCCTTTGCCAAGAACCCCCATTTGCGTTATA
TAAACCTGTCAAGTAACCGGCTCACCACACTCTCGTGGCAGCTCTTCCAGACGCTGAGTCTTCGGGAATT
GCAGTTGGAGCAGAACTTTTTCAACTGCAGCTGTGACATCCGCTGGATGCAGCTCTGGCAGGAGCAGGGG
GAGGCCAAGCTCAACAGCCAGAACCTCTACTGCATCAACGCTGATGGCTCCCAGCTTCCTCTCTTCCGCA
TGAACATCAGTCAGTGTGACCTTCCTGAGATCAGCGTGAGCCACGTCAACCTGACCGTACGAGAGGGTGA
CAATGCTGTTATCACTTGCAATGGCTCTGGATCACCCCTTCCTGATGTGGACTGGATAGTCACTGGGCTG
CAGTCCATCAACACTCACCAGACCAATCTGAACTGGACCAATGTTCATGCCATCAACTTGACGCTGGTGA
ATGTGACGAGTGAGGACAATGGCTTCACCCTGACGTGCATTGCAGAGAACGTGGTGGGCATGAGCAATGC
CAGTGTTGCCCTCACTGTCTACTATCCCCCACGTGTGGTGAGCCTGGAGGAGCCTGAGCTGCGCCTGGAG
CACTGCATCGAGTTTGTGGTGCGTGGCAACCCCCCACCAACGCTGCACTGGCTGCACAATGGGCAGCCTC
TGCGGGAGTCCAAGATCATCCATGTGGAATACTACCAAGAGGGAGAGATTTCCGAGGGCTGCCTGCTCTT
CAACAAGCCCACCCACTACAACAATGGCAACTATACCCTCATTGCCAAAAACCCACTGGGCACAGCCAAC
CAGACCATCAATGGCCACTTCCTCAAGGAGCCCTTTCCAGAGAGCACGGATAACTTTATCTTGTTTGACG
AAGTGAGTCCCACACCTCCTATCACTGTGACCCACAAACCAGAAGAAGACACTTTTGGGGTATCCATAGC
AGTTGGACTTGCTGCTTTTGCCTGTGTCCTGTTGGTGGTTCTCTTCGTCATGATCAACAAATATGGTCGA
CGGTCCAAATTTGGAATGAAGGGTCCCGTGGCTGTCATCAGTGGTGAGGAGGACTCAGCCAGCCCACTGC
ACCACATCAACCACGGCATCACCACGCCCTCGTCACTGGATGCCGGGCCCGACACTGTGGTCATTGGCAT
GACTCGCATCCCTGTCATTGAGAACCCCCAGTACTTCCGTCAGGGACACAACTGCCACAAGCCGGACACG
TATGTGCAGCACATTAAGAGGAGAGACATCGTGCTGAAGCGAGAACTGGGTGAGGGAGCCTTTGGAAAGG
TCTTCCTGGCCGAGTGCTACAACCTCAGCCCGACCAAGGACAAGATGCTTGTGGCTGTGAAGGCCCTGAA
GGATCCCACCCTGGCTGCCCGGAAGGATTTCCAGAGGGAGGCCGAGCTGCTCACCAACCTGCAGCATGAG
CACATTGTCAAGTTCTATGGAGTGTGCGGCGATGGGGACCCCCTCATCATGGTCTTTGAATACATGAAGC
ATGGAGACCTGAATAAGTTCCTCAGGGCCCATGGGCCAGATGCAATGATCCTTGTGGATGGACAGCCACG
CCAGGCCAAGGGTGAGCTGGGGCTCTCCCAAATGCTCCACATTGCCAGTCAGATCGCCTCGGGTATGGTG
TACCTGGCCTCCCAGCACTTTGTGCACCGAGACCTGGCCACCAGGAACTGCCTGGTTGGAGCGAATCTGC
TAGTGAAGATTGGGGACTTCGGCATGTCCAGAGATGTCTACAGCACGGATTATTACAGGGTGGGAGGACA
CACCATGCTCCCCATTCGCTGGATGCCTCCTGAAAGCATCATGTACCGGAAGTTCACTACAGAGAGTGAT
GTATGGAGCTTCGGGGTGATCCTCTGGGAGATCTTCACCTATGGAAAGCAGCCATGGTTCCAACTCTCAA
ACACGGAGGTCATTGAGTGCATTACCCAAGGTCGTGTTTTGGAGCGGCCCCGAGTCTGCCCCAAAGAGGT
GTACGATGTCATGCTGGGGTGCTGGCAGAGGGAACCACAGCAGCGGTTGAACATCAAGGAGATCTACAAA
ATCCTCCATGCTTTGGGGAAGGCCACCCCAATCTACCTGGACATTCTTGGCTAGTGGTGGCTGGTGGTCA
TGAATTCATACTCTGTTGCCTCCTCTCTCCCTGCCTCACATCTCCCTTCCACCTCACAACTCCTTCCATC
CTTGACTGAAGCGAACATCTTCATATAAACTCAAGTGCCTGCTACACATACAACACTGAAAAAAGGAAAA
AAAAAGAAAGAAAAAAAAACCC
