{
  "overall_quality" : { "cnt": 350000, "avg":27.714286, "std":4.843679, "p05": 20.000000, "p25": 24.000000, "p50": 28.000000, "p75": 32.000000, "p95": 35.000000 },
  "by_base" : {
    "A" : { "cnt": 84863, "avg":27.703051, "std":4.845212, "p05": 20.000000, "p25": 24.000000, "p50": 28.000000, "p75": 32.000000, "p95": 35.000000 },
    "C" : { "cnt": 90527, "avg":27.723221, "std":4.841029, "p05": 20.000000, "p25": 24.000000, "p50": 28.000000, "p75": 32.000000, "p95": 35.000000 },
    "G" : { "cnt": 90444, "avg":27.702302, "std":4.837211, "p05": 20.000000, "p25": 24.000000, "p50": 28.000000, "p75": 32.000000, "p95": 35.000000 },
    "T" : { "cnt": 84166, "avg":27.728881, "std":4.851861, "p05": 20.000000, "p25": 24.000000, "p50": 28.000000, "p75": 32.000000, "p95": 35.000000 },
    "N" : { "cnt": 0, "avg":0.000000, "std":0.000000, "p05": -1.000000, "p25": -1.000000, "p50": -1.000000, "p75": -1.000000, "p95": -1.000000 },
    "other" : { "cnt": 0, "avg":0.000000, "std":0.000000, "p05": -1.000000, "p25": -1.000000, "p50": -1.000000, "p75": -1.000000, "p95": -1.000000 }
  },
  "by_position" : {
    1 : { "cnt": 10000, "avg":36.000000, "std":0.000000, "p05": 36.000000, "p25": 36.000000, "p50": 36.000000, "p75": 36.000000, "p95": 36.000000 },
    2 : { "cnt": 10000, "avg":35.000000, "std":0.000000, "p05": 35.000000, "p25": 35.000000, "p50": 35.000000, "p75": 35.000000, "p95": 35.000000 },
    3 : { "cnt": 10000, "avg":34.000000, "std":0.000000, "p05": 34.000000, "p25": 34.000000, "p50": 34.000000, "p75": 34.000000, "p95": 34.000000 },
    4 : { "cnt": 10000, "avg":34.000000, "std":0.000000, "p05": 34.000000, "p25": 34.000000, "p50": 34.000000, "p75": 34.000000, "p95": 34.000000 },
    5 : { "cnt": 10000, "avg":34.000000, "std":0.000000, "p05": 34.000000, "p25": 34.000000, "p50": 34.000000, "p75": 34.000000, "p95": 34.000000 },
    6 : { "cnt": 10000, "avg":33.000000, "std":0.000000, "p05": 33.000000, "p25": 33.000000, "p50": 33.000000, "p75": 33.000000, "p95": 33.000000 },
    7 : { "cnt": 10000, "avg":32.000000, "std":0.000000, "p05": 32.000000, "p25": 32.000000, "p50": 32.000000, "p75": 32.000000, "p95": 32.000000 },
    8 : { "cnt": 10000, "avg":32.000000, "std":0.000000, "p05": 32.000000, "p25": 32.000000, "p50": 32.000000, "p75": 32.000000, "p95": 32.000000 },
    9 : { "cnt": 10000, "avg":32.000000, "std":0.000000, "p05": 32.000000, "p25": 32.000000, "p50": 32.000000, "p75": 32.000000, "p95": 32.000000 },
    10 : { "cnt": 10000, "avg":32.000000, "std":0.000000, "p05": 32.000000, "p25": 32.000000, "p50": 32.000000, "p75": 32.000000, "p95": 32.000000 },
    11 : { "cnt": 10000, "avg":31.000000, "std":0.000000, "p05": 31.000000, "p25": 31.000000, "p50": 31.000000, "p75": 31.000000, "p95": 31.000000 },
    12 : { "cnt": 10000, "avg":31.000000, "std":0.000000, "p05": 31.000000, "p25": 31.000000, "p50": 31.000000, "p75": 31.000000, "p95": 31.000000 },
    13 : { "cnt": 10000, "avg":31.000000, "std":0.000000, "p05": 31.000000, "p25": 31.000000, "p50": 31.000000, "p75": 31.000000, "p95": 31.000000 },
    14 : { "cnt": 10000, "avg":31.000000, "std":0.000000, "p05": 31.000000, "p25": 31.000000, "p50": 31.000000, "p75": 31.000000, "p95": 31.000000 },
    15 : { "cnt": 10000, "avg":30.000000, "std":0.000000, "p05": 30.000000, "p25": 30.000000, "p50": 30.000000, "p75": 30.000000, "p95": 30.000000 },
    16 : { "cnt": 10000, "avg":29.000000, "std":0.000000, "p05": 29.000000, "p25": 29.000000, "p50": 29.000000, "p75": 29.000000, "p95": 29.000000 },
    17 : { "cnt": 10000, "avg":28.000000, "std":0.000000, "p05": 28.000000, "p25": 28.000000, "p50": 28.000000, "p75": 28.000000, "p95": 28.000000 },
    18 : { "cnt": 10000, "avg":28.000000, "std":0.000000, "p05": 28.000000, "p25": 28.000000, "p50": 28.000000, "p75": 28.000000, "p95": 28.000000 },
    19 : { "cnt": 10000, "avg":28.000000, "std":0.000000, "p05": 28.000000, "p25": 28.000000, "p50": 28.000000, "p75": 28.000000, "p95": 28.000000 },
    20 : { "cnt": 10000, "avg":27.000000, "std":0.000000, "p05": 27.000000, "p25": 27.000000, "p50": 27.000000, "p75": 27.000000, "p95": 27.000000 },
    21 : { "cnt": 10000, "avg":26.000000, "std":0.000000, "p05": 26.000000, "p25": 26.000000, "p50": 26.000000, "p75": 26.000000, "p95": 26.000000 },
    22 : { "cnt": 10000, "avg":26.000000, "std":0.000000, "p05": 26.000000, "p25": 26.000000, "p50": 26.000000, "p75": 26.000000, "p95": 26.000000 },
    23 : { "cnt": 10000, "avg":24.000000, "std":0.000000, "p05": 24.000000, "p25": 24.000000, "p50": 24.000000, "p75": 24.000000, "p95": 24.000000 },
    24 : { "cnt": 10000, "avg":25.000000, "std":0.000000, "p05": 25.000000, "p25": 25.000000, "p50": 25.000000, "p75": 25.000000, "p95": 25.000000 },
    25 : { "cnt": 10000, "avg":24.000000, "std":0.000000, "p05": 24.000000, "p25": 24.000000, "p50": 24.000000, "p75": 24.000000, "p95": 24.000000 },
    26 : { "cnt": 10000, "avg":24.000000, "std":0.000000, "p05": 24.000000, "p25": 24.000000, "p50": 24.000000, "p75": 24.000000, "p95": 24.000000 },
    27 : { "cnt": 10000, "avg":24.000000, "std":0.000000, "p05": 24.000000, "p25": 24.000000, "p50": 24.000000, "p75": 24.000000, "p95": 24.000000 },
    28 : { "cnt": 10000, "avg":23.000000, "std":0.000000, "p05": 23.000000, "p25": 23.000000, "p50": 23.000000, "p75": 23.000000, "p95": 23.000000 },
    29 : { "cnt": 10000, "avg":22.000000, "std":0.000000, "p05": 22.000000, "p25": 22.000000, "p50": 22.000000, "p75": 22.000000, "p95": 22.000000 },
    30 : { "cnt": 10000, "avg":22.000000, "std":0.000000, "p05": 22.000000, "p25": 22.000000, "p50": 22.000000, "p75": 22.000000, "p95": 22.000000 },
    31 : { "cnt": 10000, "avg":22.000000, "std":0.000000, "p05": 22.000000, "p25": 22.000000, "p50": 22.000000, "p75": 22.000000, "p95": 22.000000 },
    32 : { "cnt": 10000, "avg":21.000000, "std":0.000000, "p05": 21.000000, "p25": 21.000000, "p50": 21.000000, "p75": 21.000000, "p95": 21.000000 },
    33 : { "cnt": 10000, "avg":20.000000, "std":0.000000, "p05": 20.000000, "p25": 20.000000, "p50": 20.000000, "p75": 20.000000, "p95": 20.000000 },
    34 : { "cnt": 10000, "avg":20.000000, "std":0.000000, "p05": 20.000000, "p25": 20.000000, "p50": 20.000000, "p75": 20.000000, "p95": 20.000000 },
    35 : { "cnt": 10000, "avg":19.000000, "std":0.000000, "p05": 19.000000, "p25": 19.000000, "p50": 19.000000, "p75": 19.000000, "p95": 19.000000 }
  }
}
