0	Chromosome	2548549	+	Chromosome	2548550	+	GTGTCGGCCCTATCCCTTGCGCTTACAGACTTTATTTCTTCGTGAGGGAGTTGACCCATGCAGAACGAGAGCTTGCCGCTGAATGGGAACATCGCCGACGTT		0	0	26	30	73	86	2.000	-1	TTTTACTGGCCGCACGCAGGGCGTCAACTTCCCCTTTCACGTTGGCTTCGATCCAAATCGCCGCGCGGCAATGTTCTGGCAAAATGCCAGTGTCGGCCCTATCCCTTGCGCTTACAGACTTTATTTCTTCGTGAGGGAGTTGACCCATGCAGAACGAGAGCTTGCCGCTGAATGGGAACATCGCCGACGTTCTCTGAACCTGAGACATTGTTCCTCCTGAAAATAATAATGCCACGCAATCCGTGGCATTGTTGAGCGCTATTTTACGTGTT
