access-control-allow-origin: *
access-control-expose-headers: X-DAS-Version, X-DAS-Status, X-DAS-Capabilities, X-DAS-Server
content-length: 280
content-type: application/xml
x-das-capabilities: types/1.1; features/1.1; stylesheet/1.1
x-das-server: SpiralGeneticsDAS
x-das-status: 200
x-das-version: DAS/1.6

<?xml version="1.0" encoding="utf-8" standalone="no"?>
<?xml-stylesheet type="text/xsl" href="/das/das.xsl"?>
<!DOCTYPE DASGFF SYSTEM "http://www.biodas.org/dtd/dasgff.dtd">
<DASGFF>
	<GFF href="/5e8847fe8a6a72d13d3f13f485c00fa9043fe1c1/das/yeast.variants/features?"/>
</DASGFF>


