access-control-allow-origin: *
access-control-expose-headers: X-DAS-Version, X-DAS-Status, X-DAS-Capabilities, X-DAS-Server
content-length: 932
content-type: application/xml
x-das-capabilities: types/1.1; features/1.1; stylesheet/1.1
x-das-server: SpiralGeneticsDAS
x-das-status: 200
x-das-version: DAS/1.6

<?xml version="1.0" encoding="utf-8" standalone="no"?>
<?xml-stylesheet type="text/xsl" href="/das/das.xsl"?>
<!DOCTYPE DASGFF SYSTEM "http://www.biodas.org/dtd/dasgff.dtd">
<DASGFF>
	<GFF href="/5e8847fe8a6a72d13d3f13f485c00fa9043fe1c1/das/yeast.variants/features?segment=II:238346,238453;segment=IV:873969,873975">
		<SEGMENT id="II" start="238346" stop="238453">
			<FEATURE id="II:238390">
				<TYPE id="SNV" cvId="SO:0001483"/>
				<METHOD id="SpiralMethod"/>
				<SCORE>24</SCORE>
				<ORIENTATION>+</ORIENTATION>
				<START>238390</START>
				<END>238390</END>
				<NOTE>C-&gt;A,C</NOTE>
			</FEATURE>
			<FEATURE id="II:238452">
				<TYPE id="SNV" cvId="SO:0001483"/>
				<METHOD id="SpiralMethod"/>
				<SCORE>63</SCORE>
				<ORIENTATION>+</ORIENTATION>
				<START>238452</START>
				<END>238452</END>
				<NOTE>A-&gt;G</NOTE>
			</FEATURE>
		</SEGMENT>
		<SEGMENT id="IV" start="873969" stop="873975"/>
	</GFF>
</DASGFF>


