access-control-allow-origin: *
access-control-expose-headers: X-DAS-Version, X-DAS-Status, X-DAS-Capabilities, X-DAS-Server
content-length: 1583
content-type: application/xml
x-das-capabilities: types/1.1; features/1.1; stylesheet/1.1
x-das-server: SpiralGeneticsDAS
x-das-status: 200
x-das-version: DAS/1.6

<?xml version="1.0" encoding="utf-8" standalone="no"?>
<?xml-stylesheet type="text/xsl" href="/das/das.xsl"?>
<!DOCTYPE DASGFF SYSTEM "http://www.biodas.org/dtd/dasgff.dtd">
<DASGFF>
	<GFF href="/5e8847fe8a6a72d13d3f13f485c00fa9043fe1c1/das/yeast.variants/features?segment=II:238346,238611">
		<SEGMENT id="II" start="238346" stop="238611">
			<FEATURE id="II:238390">
				<TYPE id="SNV" cvId="SO:0001483"/>
				<METHOD id="SpiralMethod"/>
				<SCORE>24</SCORE>
				<ORIENTATION>+</ORIENTATION>
				<START>238390</START>
				<END>238390</END>
				<NOTE>C-&gt;A,C</NOTE>
			</FEATURE>
			<FEATURE id="II:238452">
				<TYPE id="SNV" cvId="SO:0001483"/>
				<METHOD id="SpiralMethod"/>
				<SCORE>63</SCORE>
				<ORIENTATION>+</ORIENTATION>
				<START>238452</START>
				<END>238452</END>
				<NOTE>A-&gt;G</NOTE>
			</FEATURE>
			<FEATURE id="II:238524">
				<TYPE id="SNV" cvId="SO:0001483"/>
				<METHOD id="SpiralMethod"/>
				<SCORE>119</SCORE>
				<ORIENTATION>+</ORIENTATION>
				<START>238524</START>
				<END>238524</END>
				<NOTE>C-&gt;C,T</NOTE>
			</FEATURE>
			<FEATURE id="II:238608">
				<TYPE id="SNV" cvId="SO:0001483"/>
				<METHOD id="SpiralMethod"/>
				<SCORE>48</SCORE>
				<ORIENTATION>+</ORIENTATION>
				<START>238608</START>
				<END>238608</END>
				<NOTE>A-&gt;C</NOTE>
			</FEATURE>
			<FEATURE id="II:238611">
				<TYPE id="SNV" cvId="SO:0001483"/>
				<METHOD id="SpiralMethod"/>
				<SCORE>48</SCORE>
				<ORIENTATION>+</ORIENTATION>
				<START>238611</START>
				<END>238611</END>
				<NOTE>C-&gt;T</NOTE>
			</FEATURE>
		</SEGMENT>
	</GFF>
</DASGFF>


